2026-07-28 13:39:43,282 - aqt.helper - DEBUG - helper 138763796365632 Attempt to download checksum at https://download.qt.io/online/qtsdkrepository/linux_x64/desktop/qt6_6111/qt6_6111/Updates.xml.sha256
2026-07-28 13:40:05,494 - aqt.main - INFO - installer 132925286760768 aqtinstall(aqt) v3.3.0 on Python 3.12.3 [CPython GCC 13.3.0]
2026-07-28 13:40:05,495 - aqt.helper - DEBUG - helper 132925286760768 Attempt to download checksum at https://download.qt.io/online/qtsdkrepository/linux_x64/desktop/qt6_6111/qt6_6111/Updates.xml.sha256
2026-07-28 13:40:05,891 - aqt.helper - DEBUG - helper 132925286760768 Attempt to download checksum at https://download.qt.io/online/qtsdkrepository/linux_x64/extensions/qtwebengine/6111/x86_64/Updates.xml.sha256
2026-07-28 13:40:06,287 - aqt.archives - INFO - archives 132925286760768 Found extension qtwebengine
2026-07-28 13:40:06,288 - aqt.helper - DEBUG - helper 132925286760768 Attempt to download checksum at https://download.qt.io/online/qtsdkrepository/linux_x64/extensions/qtpdf/6111/x86_64/Updates.xml.sha256
2026-07-28 13:40:06,709 - aqt.archives - INFO - archives 132925286760768 Found extension qtpdf
2026-07-28 13:40:06,932 - aqt.helper - DEBUG - helper 129256639545664 Attempt to download checksum at https://download.qt.io/online/qtsdkrepository/linux_x64/desktop/qt6_6111/qt6_6111/qt.qt6.6111.addons.qtquick3d.linux_gcc_64/6.11.1-0-202605090529qtquick3d-Linux-RHEL_9_6-GCC-Linux-RHEL_9_6-X86_64.7z.sha256
2026-07-28 13:40:06,935 - aqt.helper - DEBUG - helper 124325387649344 Attempt to download checksum at https://download.qt.io/online/qtsdkrepository/linux_x64/desktop/qt6_6111/qt6_6111/qt.qt6.6111.linux_gcc_64/6.11.1-0-202605090529qtbase-Linux-RHEL_9_6-GCC-Linux-RHEL_9_6-X86_64.7z.sha256
2026-07-28 13:40:06,936 - aqt.helper - DEBUG - helper 138704845738304 Attempt to download checksum at https://download.qt.io/online/qtsdkrepository/linux_x64/desktop/qt6_6111/qt6_6111/qt.qt6.6111.linux_gcc_64/6.11.1-0-202605090529qtsvg-Linux-RHEL_9_6-GCC-Linux-RHEL_9_6-X86_64.7z.sha256
2026-07-28 13:40:06,936 - aqt.helper - DEBUG - helper 123766554411328 Attempt to download checksum at https://download.qt.io/online/qtsdkrepository/linux_x64/desktop/qt6_6111/qt6_6111/qt.qt6.6111.linux_gcc_64/6.11.1-0-202605090529qtdeclarative-Linux-RHEL_9_6-GCC-Linux-RHEL_9_6-X86_64.7z.sha256
2026-07-28 13:40:07,141 - aqt.helper - INFO - helper 124325387649344 Downloading qtbase...
2026-07-28 13:40:07,144 - aqt.helper - INFO - helper 129256639545664 Downloading qtquick3d...
2026-07-28 13:40:07,144 - aqt.helper - INFO - helper 123766554411328 Downloading qtdeclarative...
2026-07-28 13:40:07,142 - aqt.installer - DEBUG - installer 124325387649344 Download URL: https://download.qt.io/online/qtsdkrepository/linux_x64/desktop/qt6_6111/qt6_6111/qt.qt6.6111.linux_gcc_64/6.11.1-0-202605090529qtbase-Linux-RHEL_9_6-GCC-Linux-RHEL_9_6-X86_64.7z
2026-07-28 13:40:07,144 - aqt.installer - DEBUG - installer 129256639545664 Download URL: https://download.qt.io/online/qtsdkrepository/linux_x64/desktop/qt6_6111/qt6_6111/qt.qt6.6111.addons.qtquick3d.linux_gcc_64/6.11.1-0-202605090529qtquick3d-Linux-RHEL_9_6-GCC-Linux-RHEL_9_6-X86_64.7z
2026-07-28 13:40:07,145 - aqt.installer - DEBUG - installer 123766554411328 Download URL: https://download.qt.io/online/qtsdkrepository/linux_x64/desktop/qt6_6111/qt6_6111/qt.qt6.6111.linux_gcc_64/6.11.1-0-202605090529qtdeclarative-Linux-RHEL_9_6-GCC-Linux-RHEL_9_6-X86_64.7z
2026-07-28 13:40:07,149 - aqt.helper - INFO - helper 138704845738304 Downloading qtsvg...
2026-07-28 13:40:07,150 - aqt.installer - DEBUG - installer 138704845738304 Download URL: https://download.qt.io/online/qtsdkrepository/linux_x64/desktop/qt6_6111/qt6_6111/qt.qt6.6111.linux_gcc_64/6.11.1-0-202605090529qtsvg-Linux-RHEL_9_6-GCC-Linux-RHEL_9_6-X86_64.7z
2026-07-28 13:40:07,354 - aqt.helper - DEBUG - helper 124325387649344 Asked to redirect(302) to: https://ftp.fau.de/qtproject/online/qtsdkrepository/linux_x64/desktop/qt6_6111/qt6_6111/qt.qt6.6111.linux_gcc_64/6.11.1-0-202605090529qtbase-Linux-RHEL_9_6-GCC-Linux-RHEL_9_6-X86_64.7z
2026-07-28 13:40:07,354 - aqt.helper - INFO - helper 124325387649344 Redirected: ftp.fau.de
2026-07-28 13:40:07,360 - aqt.helper - DEBUG - helper 129256639545664 Asked to redirect(302) to: https://ftp.fau.de/qtproject/online/qtsdkrepository/linux_x64/desktop/qt6_6111/qt6_6111/qt.qt6.6111.addons.qtquick3d.linux_gcc_64/6.11.1-0-202605090529qtquick3d-Linux-RHEL_9_6-GCC-Linux-RHEL_9_6-X86_64.7z
2026-07-28 13:40:07,360 - aqt.helper - INFO - helper 129256639545664 Redirected: ftp.fau.de
2026-07-28 13:40:07,360 - aqt.helper - DEBUG - helper 138704845738304 Asked to redirect(302) to: https://ftp.fau.de/qtproject/online/qtsdkrepository/linux_x64/desktop/qt6_6111/qt6_6111/qt.qt6.6111.linux_gcc_64/6.11.1-0-202605090529qtsvg-Linux-RHEL_9_6-GCC-Linux-RHEL_9_6-X86_64.7z
2026-07-28 13:40:07,361 - aqt.helper - INFO - helper 138704845738304 Redirected: ftp.fau.de
2026-07-28 13:40:07,361 - aqt.helper - DEBUG - helper 123766554411328 Asked to redirect(302) to: https://ftp.fau.de/qtproject/online/qtsdkrepository/linux_x64/desktop/qt6_6111/qt6_6111/qt.qt6.6111.linux_gcc_64/6.11.1-0-202605090529qtdeclarative-Linux-RHEL_9_6-GCC-Linux-RHEL_9_6-X86_64.7z
2026-07-28 13:40:07,362 - aqt.helper - INFO - helper 123766554411328 Redirected: ftp.fau.de
2026-07-28 13:40:08,144 - aqt.installer - INFO - installer 138704845738304 Finished installation of qtsvg-Linux-RHEL_9_6-GCC-Linux-RHEL_9_6-X86_64.7z in 1.20983874
2026-07-28 13:40:08,155 - aqt.helper - DEBUG - helper 138704845738304 Attempt to download checksum at https://download.qt.io/online/qtsdkrepository/linux_x64/desktop/qt6_6111/qt6_6111/qt.qt6.6111.linux_gcc_64/6.11.1-0-202605090529qtdoc-Linux-RHEL_9_6-GCC-Linux-RHEL_9_6-X86_64.7z.sha256
2026-07-28 13:40:08,352 - aqt.helper - INFO - helper 138704845738304 Downloading qtdoc...
2026-07-28 13:40:08,353 - aqt.installer - DEBUG - installer 138704845738304 Download URL: https://download.qt.io/online/qtsdkrepository/linux_x64/desktop/qt6_6111/qt6_6111/qt.qt6.6111.linux_gcc_64/6.11.1-0-202605090529qtdoc-Linux-RHEL_9_6-GCC-Linux-RHEL_9_6-X86_64.7z
2026-07-28 13:40:08,531 - aqt.helper - DEBUG - helper 138704845738304 Asked to redirect(302) to: https://ftp.fau.de/qtproject/online/qtsdkrepository/linux_x64/desktop/qt6_6111/qt6_6111/qt.qt6.6111.linux_gcc_64/6.11.1-0-202605090529qtdoc-Linux-RHEL_9_6-GCC-Linux-RHEL_9_6-X86_64.7z
2026-07-28 13:40:08,531 - aqt.helper - INFO - helper 138704845738304 Redirected: ftp.fau.de
2026-07-28 13:40:10,136 - aqt.installer - INFO - installer 138704845738304 Finished installation of qtdoc-Linux-RHEL_9_6-GCC-Linux-RHEL_9_6-X86_64.7z in 1.98262826
2026-07-28 13:40:10,147 - aqt.helper - DEBUG - helper 138704845738304 Attempt to download checksum at https://download.qt.io/online/qtsdkrepository/linux_x64/desktop/qt6_6111/qt6_6111/qt.qt6.6111.linux_gcc_64/6.11.1-0-202605090529qttools-Linux-RHEL_9_6-GCC-Linux-RHEL_9_6-X86_64.7z.sha256
2026-07-28 13:40:10,326 - aqt.helper - INFO - helper 138704845738304 Downloading qttools...
2026-07-28 13:40:10,327 - aqt.installer - DEBUG - installer 138704845738304 Download URL: https://download.qt.io/online/qtsdkrepository/linux_x64/desktop/qt6_6111/qt6_6111/qt.qt6.6111.linux_gcc_64/6.11.1-0-202605090529qttools-Linux-RHEL_9_6-GCC-Linux-RHEL_9_6-X86_64.7z
2026-07-28 13:40:10,519 - aqt.helper - DEBUG - helper 138704845738304 Asked to redirect(302) to: https://ftp.fau.de/qtproject/online/qtsdkrepository/linux_x64/desktop/qt6_6111/qt6_6111/qt.qt6.6111.linux_gcc_64/6.11.1-0-202605090529qttools-Linux-RHEL_9_6-GCC-Linux-RHEL_9_6-X86_64.7z
2026-07-28 13:40:10,519 - aqt.helper - INFO - helper 138704845738304 Redirected: ftp.fau.de
2026-07-28 13:40:17,848 - aqt.installer - INFO - installer 124325387649344 Finished installation of qtbase-Linux-RHEL_9_6-GCC-Linux-RHEL_9_6-X86_64.7z in 10.91442399
2026-07-28 13:40:17,862 - aqt.helper - DEBUG - helper 124325387649344 Attempt to download checksum at https://download.qt.io/online/qtsdkrepository/linux_x64/desktop/qt6_6111/qt6_6111/qt.qt6.6111.linux_gcc_64/6.11.1-0-202605090529qttranslations-Linux-RHEL_9_6-GCC-Linux-RHEL_9_6-X86_64.7z.sha256
2026-07-28 13:40:18,054 - aqt.helper - INFO - helper 124325387649344 Downloading qttranslations...
2026-07-28 13:40:18,054 - aqt.installer - DEBUG - installer 124325387649344 Download URL: https://download.qt.io/online/qtsdkrepository/linux_x64/desktop/qt6_6111/qt6_6111/qt.qt6.6111.linux_gcc_64/6.11.1-0-202605090529qttranslations-Linux-RHEL_9_6-GCC-Linux-RHEL_9_6-X86_64.7z
2026-07-28 13:40:18,238 - aqt.helper - DEBUG - helper 124325387649344 Asked to redirect(302) to: https://ftp.fau.de/qtproject/online/qtsdkrepository/linux_x64/desktop/qt6_6111/qt6_6111/qt.qt6.6111.linux_gcc_64/6.11.1-0-202605090529qttranslations-Linux-RHEL_9_6-GCC-Linux-RHEL_9_6-X86_64.7z
2026-07-28 13:40:18,238 - aqt.helper - INFO - helper 124325387649344 Redirected: ftp.fau.de
2026-07-28 13:40:18,758 - aqt.installer - INFO - installer 129256639545664 Finished installation of qtquick3d-Linux-RHEL_9_6-GCC-Linux-RHEL_9_6-X86_64.7z in 11.82744636
2026-07-28 13:40:18,769 - aqt.helper - DEBUG - helper 129256639545664 Attempt to download checksum at https://download.qt.io/online/qtsdkrepository/linux_x64/desktop/qt6_6111/qt6_6111/qt.qt6.6111.linux_gcc_64/6.11.1-0-202605090529qtwayland-Linux-RHEL_9_6-GCC-Linux-RHEL_9_6-X86_64.7z.sha256
2026-07-28 13:40:19,047 - aqt.helper - INFO - helper 129256639545664 Downloading qtwayland...
2026-07-28 13:40:19,048 - aqt.installer - DEBUG - installer 129256639545664 Download URL: https://download.qt.io/online/qtsdkrepository/linux_x64/desktop/qt6_6111/qt6_6111/qt.qt6.6111.linux_gcc_64/6.11.1-0-202605090529qtwayland-Linux-RHEL_9_6-GCC-Linux-RHEL_9_6-X86_64.7z
2026-07-28 13:40:19,232 - aqt.helper - DEBUG - helper 129256639545664 Asked to redirect(302) to: https://ftp.fau.de/qtproject/online/qtsdkrepository/linux_x64/desktop/qt6_6111/qt6_6111/qt.qt6.6111.linux_gcc_64/6.11.1-0-202605090529qtwayland-Linux-RHEL_9_6-GCC-Linux-RHEL_9_6-X86_64.7z
2026-07-28 13:40:19,233 - aqt.helper - INFO - helper 129256639545664 Redirected: ftp.fau.de
2026-07-28 13:40:19,281 - aqt.installer - INFO - installer 124325387649344 Finished installation of qttranslations-Linux-RHEL_9_6-GCC-Linux-RHEL_9_6-X86_64.7z in 1.42062902
2026-07-28 13:40:19,291 - aqt.helper - DEBUG - helper 124325387649344 Attempt to download checksum at https://download.qt.io/online/qtsdkrepository/linux_x64/desktop/qt6_6111/qt6_6111/qt.qt6.6111.linux_gcc_64/6.11.1-0-202605090529icu-linux-Rhel8.6-x86_64.7z.sha256
2026-07-28 13:40:19,476 - aqt.installer - INFO - installer 129256639545664 Finished installation of qtwayland-Linux-RHEL_9_6-GCC-Linux-RHEL_9_6-X86_64.7z in 0.70873494
2026-07-28 13:40:19,485 - aqt.helper - INFO - helper 124325387649344 Downloading icu...
2026-07-28 13:40:19,486 - aqt.installer - DEBUG - installer 124325387649344 Download URL: https://download.qt.io/online/qtsdkrepository/linux_x64/desktop/qt6_6111/qt6_6111/qt.qt6.6111.linux_gcc_64/6.11.1-0-202605090529icu-linux-Rhel8.6-x86_64.7z
2026-07-28 13:40:19,678 - aqt.helper - DEBUG - helper 124325387649344 Asked to redirect(302) to: https://ftp.fau.de/qtproject/online/qtsdkrepository/linux_x64/desktop/qt6_6111/qt6_6111/qt.qt6.6111.linux_gcc_64/6.11.1-0-202605090529icu-linux-Rhel8.6-x86_64.7z
2026-07-28 13:40:19,679 - aqt.helper - INFO - helper 124325387649344 Redirected: ftp.fau.de
2026-07-28 13:40:23,923 - aqt.installer - INFO - installer 124325387649344 Finished installation of icu-linux-Rhel8.6-x86_64.7z in 3.83613418
2026-07-28 13:40:24,767 - aqt.installer - INFO - installer 138704845738304 Finished installation of qttools-Linux-RHEL_9_6-GCC-Linux-RHEL_9_6-X86_64.7z in 13.82454752
2026-07-28 13:40:59,454 - aqt.installer - INFO - installer 123766554411328 Finished installation of qtdeclarative-Linux-RHEL_9_6-GCC-Linux-RHEL_9_6-X86_64.7z in 50.90320908
2026-07-28 13:40:59,535 - aqt.updater - INFO - updater 132925286760768 Patching /home/schulemn/Qt/6.11.1/gcc_64/bin/qmake
2026-07-28 13:40:59,542 - aqt.updater - INFO - updater 132925286760768 Patching /home/schulemn/Qt/6.11.1/gcc_64/lib/pkgconfig/Qt6LabsStyleKit.pc
2026-07-28 13:40:59,542 - aqt.updater - INFO - updater 132925286760768 Patching /home/schulemn/Qt/6.11.1/gcc_64/lib/pkgconfig/Qt6LabsWavefrontMesh.pc
2026-07-28 13:40:59,543 - aqt.updater - INFO - updater 132925286760768 Patching /home/schulemn/Qt/6.11.1/gcc_64/lib/pkgconfig/Qt6QuickVectorImageHelpers.pc
2026-07-28 13:40:59,543 - aqt.updater - INFO - updater 132925286760768 Patching /home/schulemn/Qt/6.11.1/gcc_64/lib/pkgconfig/Qt6QuickControls2Impl.pc
2026-07-28 13:40:59,543 - aqt.updater - INFO - updater 132925286760768 Patching /home/schulemn/Qt/6.11.1/gcc_64/lib/pkgconfig/Qt6Quick3DParticleEffects.pc
2026-07-28 13:40:59,543 - aqt.updater - INFO - updater 132925286760768 Patching /home/schulemn/Qt/6.11.1/gcc_64/lib/pkgconfig/Qt6LabsAnimation.pc
2026-07-28 13:40:59,543 - aqt.updater - INFO - updater 132925286760768 Patching /home/schulemn/Qt/6.11.1/gcc_64/lib/pkgconfig/Qt6QmlModels.pc
2026-07-28 13:40:59,543 - aqt.updater - INFO - updater 132925286760768 Patching /home/schulemn/Qt/6.11.1/gcc_64/lib/pkgconfig/Qt6Quick3DUtils.pc
2026-07-28 13:40:59,543 - aqt.updater - INFO - updater 132925286760768 Patching /home/schulemn/Qt/6.11.1/gcc_64/lib/pkgconfig/Qt6QuickTest.pc
2026-07-28 13:40:59,544 - aqt.updater - INFO - updater 132925286760768 Patching /home/schulemn/Qt/6.11.1/gcc_64/lib/pkgconfig/Qt6QuickControls2MaterialStyleImpl.pc
2026-07-28 13:40:59,544 - aqt.updater - INFO - updater 132925286760768 Patching /home/schulemn/Qt/6.11.1/gcc_64/lib/pkgconfig/Qt6QuickControls2Imagine.pc
2026-07-28 13:40:59,544 - aqt.updater - INFO - updater 132925286760768 Patching /home/schulemn/Qt/6.11.1/gcc_64/lib/pkgconfig/Qt6Widgets.pc
2026-07-28 13:40:59,544 - aqt.updater - INFO - updater 132925286760768 Patching /home/schulemn/Qt/6.11.1/gcc_64/lib/pkgconfig/Qt6QmlXmlListModel.pc
2026-07-28 13:40:59,545 - aqt.updater - INFO - updater 132925286760768 Patching /home/schulemn/Qt/6.11.1/gcc_64/lib/pkgconfig/Qt6Core.pc
2026-07-28 13:40:59,545 - aqt.updater - INFO - updater 132925286760768 Patching /home/schulemn/Qt/6.11.1/gcc_64/lib/pkgconfig/Qt6QuickControls2.pc
2026-07-28 13:40:59,545 - aqt.updater - INFO - updater 132925286760768 Patching /home/schulemn/Qt/6.11.1/gcc_64/lib/pkgconfig/Qt6UiPlugin.pc
2026-07-28 13:40:59,545 - aqt.updater - INFO - updater 132925286760768 Patching /home/schulemn/Qt/6.11.1/gcc_64/lib/pkgconfig/Qt6Quick3DHelpers.pc
2026-07-28 13:40:59,546 - aqt.updater - INFO - updater 132925286760768 Patching /home/schulemn/Qt/6.11.1/gcc_64/lib/pkgconfig/Qt6QuickEffects.pc
2026-07-28 13:40:59,546 - aqt.updater - INFO - updater 132925286760768 Patching /home/schulemn/Qt/6.11.1/gcc_64/lib/pkgconfig/Qt6SvgWidgets.pc
2026-07-28 13:40:59,546 - aqt.updater - INFO - updater 132925286760768 Patching /home/schulemn/Qt/6.11.1/gcc_64/lib/pkgconfig/Qt6QuickDialogs2.pc
2026-07-28 13:40:59,547 - aqt.updater - INFO - updater 132925286760768 Patching /home/schulemn/Qt/6.11.1/gcc_64/lib/pkgconfig/Qt6LabsSharedImage.pc
2026-07-28 13:40:59,547 - aqt.updater - INFO - updater 132925286760768 Patching /home/schulemn/Qt/6.11.1/gcc_64/lib/pkgconfig/Qt6QuickDialogs2Utils.pc
2026-07-28 13:40:59,547 - aqt.updater - INFO - updater 132925286760768 Patching /home/schulemn/Qt/6.11.1/gcc_64/lib/pkgconfig/Qt6Help.pc
2026-07-28 13:40:59,548 - aqt.updater - INFO - updater 132925286760768 Patching /home/schulemn/Qt/6.11.1/gcc_64/lib/pkgconfig/Qt6QuickDialogs2QuickImpl.pc
2026-07-28 13:40:59,548 - aqt.updater - INFO - updater 132925286760768 Patching /home/schulemn/Qt/6.11.1/gcc_64/lib/pkgconfig/Qt6Sql.pc
2026-07-28 13:40:59,548 - aqt.updater - INFO - updater 132925286760768 Patching /home/schulemn/Qt/6.11.1/gcc_64/lib/pkgconfig/Qt6QuickWidgets.pc
2026-07-28 13:40:59,549 - aqt.updater - INFO - updater 132925286760768 Patching /home/schulemn/Qt/6.11.1/gcc_64/lib/pkgconfig/Qt6QuickShapes.pc
2026-07-28 13:40:59,549 - aqt.updater - INFO - updater 132925286760768 Patching /home/schulemn/Qt/6.11.1/gcc_64/lib/pkgconfig/Qt6Quick3DIblBaker.pc
2026-07-28 13:40:59,549 - aqt.updater - INFO - updater 132925286760768 Patching /home/schulemn/Qt/6.11.1/gcc_64/lib/pkgconfig/Qt6Qml.pc
2026-07-28 13:40:59,550 - aqt.updater - INFO - updater 132925286760768 Patching /home/schulemn/Qt/6.11.1/gcc_64/lib/pkgconfig/Qt6Quick3DAssetUtils.pc
2026-07-28 13:40:59,550 - aqt.updater - INFO - updater 132925286760768 Patching /home/schulemn/Qt/6.11.1/gcc_64/lib/pkgconfig/Qt6Quick3DAssetImport.pc
2026-07-28 13:40:59,550 - aqt.updater - INFO - updater 132925286760768 Patching /home/schulemn/Qt/6.11.1/gcc_64/lib/pkgconfig/Qt6QuickControls2FusionStyleImpl.pc
2026-07-28 13:40:59,551 - aqt.updater - INFO - updater 132925286760768 Patching /home/schulemn/Qt/6.11.1/gcc_64/lib/pkgconfig/Qt6Svg.pc
2026-07-28 13:40:59,551 - aqt.updater - INFO - updater 132925286760768 Patching /home/schulemn/Qt/6.11.1/gcc_64/lib/pkgconfig/Qt6Quick3DXr.pc
2026-07-28 13:40:59,551 - aqt.updater - INFO - updater 132925286760768 Patching /home/schulemn/Qt/6.11.1/gcc_64/lib/pkgconfig/Qt6QmlWorkerScript.pc
2026-07-28 13:40:59,551 - aqt.updater - INFO - updater 132925286760768 Patching /home/schulemn/Qt/6.11.1/gcc_64/lib/pkgconfig/Qt6QmlCompiler.pc
2026-07-28 13:40:59,552 - aqt.updater - INFO - updater 132925286760768 Patching /home/schulemn/Qt/6.11.1/gcc_64/lib/pkgconfig/Qt6WaylandClient.pc
2026-07-28 13:40:59,552 - aqt.updater - INFO - updater 132925286760768 Patching /home/schulemn/Qt/6.11.1/gcc_64/lib/pkgconfig/Qt6QuickControls2Basic.pc
2026-07-28 13:40:59,552 - aqt.updater - INFO - updater 132925286760768 Patching /home/schulemn/Qt/6.11.1/gcc_64/lib/pkgconfig/Qt6Quick3DRuntimeRender.pc
2026-07-28 13:40:59,552 - aqt.updater - INFO - updater 132925286760768 Patching /home/schulemn/Qt/6.11.1/gcc_64/lib/pkgconfig/Qt6LabsQmlModels.pc
2026-07-28 13:40:59,553 - aqt.updater - INFO - updater 132925286760768 Patching /home/schulemn/Qt/6.11.1/gcc_64/lib/pkgconfig/Qt6QuickControls2Fusion.pc
2026-07-28 13:40:59,553 - aqt.updater - INFO - updater 132925286760768 Patching /home/schulemn/Qt/6.11.1/gcc_64/lib/pkgconfig/Qt6PrintSupport.pc
2026-07-28 13:40:59,553 - aqt.updater - INFO - updater 132925286760768 Patching /home/schulemn/Qt/6.11.1/gcc_64/lib/pkgconfig/Qt6Network.pc
2026-07-28 13:40:59,553 - aqt.updater - INFO - updater 132925286760768 Patching /home/schulemn/Qt/6.11.1/gcc_64/lib/pkgconfig/Qt6Concurrent.pc
2026-07-28 13:40:59,554 - aqt.updater - INFO - updater 132925286760768 Patching /home/schulemn/Qt/6.11.1/gcc_64/lib/pkgconfig/Qt6QuickControls2Universal.pc
2026-07-28 13:40:59,554 - aqt.updater - INFO - updater 132925286760768 Patching /home/schulemn/Qt/6.11.1/gcc_64/lib/pkgconfig/Qt6Quick3DHelpersImpl.pc
2026-07-28 13:40:59,554 - aqt.updater - INFO - updater 132925286760768 Patching /home/schulemn/Qt/6.11.1/gcc_64/lib/pkgconfig/Qt6QuickControls2FluentWinUI3StyleImpl.pc
2026-07-28 13:40:59,554 - aqt.updater - INFO - updater 132925286760768 Patching /home/schulemn/Qt/6.11.1/gcc_64/lib/pkgconfig/Qt6LabsSettings.pc
2026-07-28 13:40:59,555 - aqt.updater - INFO - updater 132925286760768 Patching /home/schulemn/Qt/6.11.1/gcc_64/lib/pkgconfig/Qt6QuickControls2BasicStyleImpl.pc
2026-07-28 13:40:59,555 - aqt.updater - INFO - updater 132925286760768 Patching /home/schulemn/Qt/6.11.1/gcc_64/lib/pkgconfig/Qt6QuickControls2ImagineStyleImpl.pc
2026-07-28 13:40:59,555 - aqt.updater - INFO - updater 132925286760768 Patching /home/schulemn/Qt/6.11.1/gcc_64/lib/pkgconfig/Qt6QuickTemplates2.pc
2026-07-28 13:40:59,555 - aqt.updater - INFO - updater 132925286760768 Patching /home/schulemn/Qt/6.11.1/gcc_64/lib/pkgconfig/Qt6Quick.pc
2026-07-28 13:40:59,555 - aqt.updater - INFO - updater 132925286760768 Patching /home/schulemn/Qt/6.11.1/gcc_64/lib/pkgconfig/Qt6Quick3DParticles.pc
2026-07-28 13:40:59,556 - aqt.updater - INFO - updater 132925286760768 Patching /home/schulemn/Qt/6.11.1/gcc_64/lib/pkgconfig/Qt6Linguist.pc
2026-07-28 13:40:59,556 - aqt.updater - INFO - updater 132925286760768 Patching /home/schulemn/Qt/6.11.1/gcc_64/lib/pkgconfig/Qt6Platform.pc
2026-07-28 13:40:59,556 - aqt.updater - INFO - updater 132925286760768 Patching /home/schulemn/Qt/6.11.1/gcc_64/lib/pkgconfig/Qt6Test.pc
2026-07-28 13:40:59,556 - aqt.updater - INFO - updater 132925286760768 Patching /home/schulemn/Qt/6.11.1/gcc_64/lib/pkgconfig/Qt6LabsPlatform.pc
2026-07-28 13:40:59,556 - aqt.updater - INFO - updater 132925286760768 Patching /home/schulemn/Qt/6.11.1/gcc_64/lib/pkgconfig/Qt6QmlMeta.pc
2026-07-28 13:40:59,557 - aqt.updater - INFO - updater 132925286760768 Patching /home/schulemn/Qt/6.11.1/gcc_64/lib/pkgconfig/Qt6OpenGLWidgets.pc
2026-07-28 13:40:59,557 - aqt.updater - INFO - updater 132925286760768 Patching /home/schulemn/Qt/6.11.1/gcc_64/lib/pkgconfig/Qt6QuickVectorImage.pc
2026-07-28 13:40:59,557 - aqt.updater - INFO - updater 132925286760768 Patching /home/schulemn/Qt/6.11.1/gcc_64/lib/pkgconfig/Qt6LabsFolderListModel.pc
2026-07-28 13:40:59,557 - aqt.updater - INFO - updater 132925286760768 Patching /home/schulemn/Qt/6.11.1/gcc_64/lib/pkgconfig/Qt6LabsSynchronizer.pc
2026-07-28 13:40:59,558 - aqt.updater - INFO - updater 132925286760768 Patching /home/schulemn/Qt/6.11.1/gcc_64/lib/pkgconfig/Qt6OpenGL.pc
2026-07-28 13:40:59,558 - aqt.updater - INFO - updater 132925286760768 Patching /home/schulemn/Qt/6.11.1/gcc_64/lib/pkgconfig/Qt6LabsStyleKitImpl.pc
2026-07-28 13:40:59,558 - aqt.updater - INFO - updater 132925286760768 Patching /home/schulemn/Qt/6.11.1/gcc_64/lib/pkgconfig/Qt6Quick3D.pc
2026-07-28 13:40:59,558 - aqt.updater - INFO - updater 132925286760768 Patching /home/schulemn/Qt/6.11.1/gcc_64/lib/pkgconfig/Qt6UiTools.pc
2026-07-28 13:40:59,559 - aqt.updater - INFO - updater 132925286760768 Patching /home/schulemn/Qt/6.11.1/gcc_64/lib/pkgconfig/Qt6QmlCore.pc
2026-07-28 13:40:59,559 - aqt.updater - INFO - updater 132925286760768 Patching /home/schulemn/Qt/6.11.1/gcc_64/lib/pkgconfig/Qt6QmlIntegration.pc
2026-07-28 13:40:59,559 - aqt.updater - INFO - updater 132925286760768 Patching /home/schulemn/Qt/6.11.1/gcc_64/lib/pkgconfig/Qt6Xml.pc
2026-07-28 13:40:59,560 - aqt.updater - INFO - updater 132925286760768 Patching /home/schulemn/Qt/6.11.1/gcc_64/lib/pkgconfig/Qt6Designer.pc
2026-07-28 13:40:59,560 - aqt.updater - INFO - updater 132925286760768 Patching /home/schulemn/Qt/6.11.1/gcc_64/lib/pkgconfig/Qt6QuickLayouts.pc
2026-07-28 13:40:59,560 - aqt.updater - INFO - updater 132925286760768 Patching /home/schulemn/Qt/6.11.1/gcc_64/lib/pkgconfig/Qt6Quick3DEffects.pc
2026-07-28 13:40:59,560 - aqt.updater - INFO - updater 132925286760768 Patching /home/schulemn/Qt/6.11.1/gcc_64/lib/pkgconfig/Qt6QmlNetwork.pc
2026-07-28 13:40:59,560 - aqt.updater - INFO - updater 132925286760768 Patching /home/schulemn/Qt/6.11.1/gcc_64/lib/pkgconfig/Qt6QuickControls2Material.pc
2026-07-28 13:40:59,561 - aqt.updater - INFO - updater 132925286760768 Patching /home/schulemn/Qt/6.11.1/gcc_64/lib/pkgconfig/Qt6DBus.pc
2026-07-28 13:40:59,561 - aqt.updater - INFO - updater 132925286760768 Patching /home/schulemn/Qt/6.11.1/gcc_64/lib/pkgconfig/Qt6Gui.pc
2026-07-28 13:40:59,561 - aqt.updater - INFO - updater 132925286760768 Patching /home/schulemn/Qt/6.11.1/gcc_64/lib/pkgconfig/Qt6QuickControls2UniversalStyleImpl.pc
2026-07-28 13:40:59,561 - aqt.updater - INFO - updater 132925286760768 Patching /home/schulemn/Qt/6.11.1/gcc_64/lib/pkgconfig/Qt6QmlLocalStorage.pc
2026-07-28 13:40:59,563 - aqt.updater - INFO - updater 132925286760768 Patching /home/schulemn/Qt/6.11.1/gcc_64/lib/libQt6QuickShapesDesignHelpers.prl
2026-07-28 13:40:59,563 - aqt.updater - INFO - updater 132925286760768 Patching /home/schulemn/Qt/6.11.1/gcc_64/lib/libQt6QuickControls2.prl
2026-07-28 13:40:59,563 - aqt.updater - INFO - updater 132925286760768 Patching /home/schulemn/Qt/6.11.1/gcc_64/lib/libQt6QmlFormat.prl
2026-07-28 13:40:59,564 - aqt.updater - INFO - updater 132925286760768 Patching /home/schulemn/Qt/6.11.1/gcc_64/lib/libQt6LabsStyleKitImpl.prl
2026-07-28 13:40:59,564 - aqt.updater - INFO - updater 132925286760768 Patching /home/schulemn/Qt/6.11.1/gcc_64/lib/libQt6OpenGL.prl
2026-07-28 13:40:59,564 - aqt.updater - INFO - updater 132925286760768 Patching /home/schulemn/Qt/6.11.1/gcc_64/lib/libQt6WaylandClient.prl
2026-07-28 13:40:59,564 - aqt.updater - INFO - updater 132925286760768 Patching /home/schulemn/Qt/6.11.1/gcc_64/lib/libQt6QuickTestUtils.prl
2026-07-28 13:40:59,564 - aqt.updater - INFO - updater 132925286760768 Patching /home/schulemn/Qt/6.11.1/gcc_64/lib/libQt6QuickParticles.prl
2026-07-28 13:40:59,564 - aqt.updater - INFO - updater 132925286760768 Patching /home/schulemn/Qt/6.11.1/gcc_64/lib/libQt6EglFsKmsSupport.prl
2026-07-28 13:40:59,565 - aqt.updater - INFO - updater 132925286760768 Patching /home/schulemn/Qt/6.11.1/gcc_64/lib/libQt6QmlCompiler.prl
2026-07-28 13:40:59,565 - aqt.updater - INFO - updater 132925286760768 Patching /home/schulemn/Qt/6.11.1/gcc_64/lib/libQt6UiTools.prl
2026-07-28 13:40:59,565 - aqt.updater - INFO - updater 132925286760768 Patching /home/schulemn/Qt/6.11.1/gcc_64/lib/libQt6QuickControls2BasicStyleImpl.prl
2026-07-28 13:40:59,565 - aqt.updater - INFO - updater 132925286760768 Patching /home/schulemn/Qt/6.11.1/gcc_64/lib/libQt6Widgets.prl
2026-07-28 13:40:59,565 - aqt.updater - INFO - updater 132925286760768 Patching /home/schulemn/Qt/6.11.1/gcc_64/lib/libQt6Quick3DParticles.prl
2026-07-28 13:40:59,565 - aqt.updater - INFO - updater 132925286760768 Patching /home/schulemn/Qt/6.11.1/gcc_64/lib/libQt6QmlCore.prl
2026-07-28 13:40:59,565 - aqt.updater - INFO - updater 132925286760768 Patching /home/schulemn/Qt/6.11.1/gcc_64/lib/libQt6QmlDebug.prl
2026-07-28 13:40:59,565 - aqt.updater - INFO - updater 132925286760768 Patching /home/schulemn/Qt/6.11.1/gcc_64/lib/libQt6LabsWavefrontMesh.prl
2026-07-28 13:40:59,566 - aqt.updater - INFO - updater 132925286760768 Patching /home/schulemn/Qt/6.11.1/gcc_64/lib/libQt6QmlWorkerScript.prl
2026-07-28 13:40:59,566 - aqt.updater - INFO - updater 132925286760768 Patching /home/schulemn/Qt/6.11.1/gcc_64/lib/libQt6LabsSynchronizer.prl
2026-07-28 13:40:59,566 - aqt.updater - INFO - updater 132925286760768 Patching /home/schulemn/Qt/6.11.1/gcc_64/lib/libQt6QuickControls2UniversalStyleImpl.prl
2026-07-28 13:40:59,566 - aqt.updater - INFO - updater 132925286760768 Patching /home/schulemn/Qt/6.11.1/gcc_64/lib/libQt6Concurrent.prl
2026-07-28 13:40:59,566 - aqt.updater - INFO - updater 132925286760768 Patching /home/schulemn/Qt/6.11.1/gcc_64/lib/libQt6QuickControls2Universal.prl
2026-07-28 13:40:59,566 - aqt.updater - INFO - updater 132925286760768 Patching /home/schulemn/Qt/6.11.1/gcc_64/lib/libQt6QuickWidgets.prl
2026-07-28 13:40:59,566 - aqt.updater - INFO - updater 132925286760768 Patching /home/schulemn/Qt/6.11.1/gcc_64/lib/libQt6PacketProtocol.prl
2026-07-28 13:40:59,567 - aqt.updater - INFO - updater 132925286760768 Patching /home/schulemn/Qt/6.11.1/gcc_64/lib/libQt6QuickShapes.prl
2026-07-28 13:40:59,567 - aqt.updater - INFO - updater 132925286760768 Patching /home/schulemn/Qt/6.11.1/gcc_64/lib/libQt6LabsStyleKit.prl
2026-07-28 13:40:59,567 - aqt.updater - INFO - updater 132925286760768 Patching /home/schulemn/Qt/6.11.1/gcc_64/lib/libQt6QmlNetwork.prl
2026-07-28 13:40:59,567 - aqt.updater - INFO - updater 132925286760768 Patching /home/schulemn/Qt/6.11.1/gcc_64/lib/libQt6Svg.prl
2026-07-28 13:40:59,567 - aqt.updater - INFO - updater 132925286760768 Patching /home/schulemn/Qt/6.11.1/gcc_64/lib/libQt6QmlTypeRegistrar.prl
2026-07-28 13:40:59,568 - aqt.updater - INFO - updater 132925286760768 Patching /home/schulemn/Qt/6.11.1/gcc_64/lib/libQt6LabsQmlModels.prl
2026-07-28 13:40:59,568 - aqt.updater - INFO - updater 132925286760768 Patching /home/schulemn/Qt/6.11.1/gcc_64/lib/libQt6Test.prl
2026-07-28 13:40:59,568 - aqt.updater - INFO - updater 132925286760768 Patching /home/schulemn/Qt/6.11.1/gcc_64/lib/libQt6Quick3DGlslParser.prl
2026-07-28 13:40:59,568 - aqt.updater - INFO - updater 132925286760768 Patching /home/schulemn/Qt/6.11.1/gcc_64/lib/libQt6Qml.prl
2026-07-28 13:40:59,568 - aqt.updater - INFO - updater 132925286760768 Patching /home/schulemn/Qt/6.11.1/gcc_64/lib/libQt6QmlLS.prl
2026-07-28 13:40:59,569 - aqt.updater - INFO - updater 132925286760768 Patching /home/schulemn/Qt/6.11.1/gcc_64/lib/libQt6LabsFolderListModel.prl
2026-07-28 13:40:59,569 - aqt.updater - INFO - updater 132925286760768 Patching /home/schulemn/Qt/6.11.1/gcc_64/lib/libQt6DBus.prl
2026-07-28 13:40:59,569 - aqt.updater - INFO - updater 132925286760768 Patching /home/schulemn/Qt/6.11.1/gcc_64/lib/libQt6QuickControls2MaterialStyleImpl.prl
2026-07-28 13:40:59,569 - aqt.updater - INFO - updater 132925286760768 Patching /home/schulemn/Qt/6.11.1/gcc_64/lib/libQt6QuickTemplates2.prl
2026-07-28 13:40:59,569 - aqt.updater - INFO - updater 132925286760768 Patching /home/schulemn/Qt/6.11.1/gcc_64/lib/libQt6Quick3DHelpersImpl.prl
2026-07-28 13:40:59,570 - aqt.updater - INFO - updater 132925286760768 Patching /home/schulemn/Qt/6.11.1/gcc_64/lib/libQt6QuickLayouts.prl
2026-07-28 13:40:59,570 - aqt.updater - INFO - updater 132925286760768 Patching /home/schulemn/Qt/6.11.1/gcc_64/lib/libQt6QmlToolingSettings.prl
2026-07-28 13:40:59,570 - aqt.updater - INFO - updater 132925286760768 Patching /home/schulemn/Qt/6.11.1/gcc_64/lib/libQt6Quick3DAssetUtils.prl
2026-07-28 13:40:59,570 - aqt.updater - INFO - updater 132925286760768 Patching /home/schulemn/Qt/6.11.1/gcc_64/lib/libQt6Quick3DRuntimeRender.prl
2026-07-28 13:40:59,570 - aqt.updater - INFO - updater 132925286760768 Patching /home/schulemn/Qt/6.11.1/gcc_64/lib/libQt6Designer.prl
2026-07-28 13:40:59,571 - aqt.updater - INFO - updater 132925286760768 Patching /home/schulemn/Qt/6.11.1/gcc_64/lib/libQt6QmlModels.prl
2026-07-28 13:40:59,571 - aqt.updater - INFO - updater 132925286760768 Patching /home/schulemn/Qt/6.11.1/gcc_64/lib/libQt6FbSupport.prl
2026-07-28 13:40:59,571 - aqt.updater - INFO - updater 132925286760768 Patching /home/schulemn/Qt/6.11.1/gcc_64/lib/libQt6Quick3D.prl
2026-07-28 13:40:59,571 - aqt.updater - INFO - updater 132925286760768 Patching /home/schulemn/Qt/6.11.1/gcc_64/lib/libQt6QuickVectorImageGenerator.prl
2026-07-28 13:40:59,571 - aqt.updater - INFO - updater 132925286760768 Patching /home/schulemn/Qt/6.11.1/gcc_64/lib/libQt6Gui.prl
2026-07-28 13:40:59,572 - aqt.updater - INFO - updater 132925286760768 Patching /home/schulemn/Qt/6.11.1/gcc_64/lib/libQt6Quick3DAssetImport.prl
2026-07-28 13:40:59,572 - aqt.updater - INFO - updater 132925286760768 Patching /home/schulemn/Qt/6.11.1/gcc_64/lib/libQt6QuickDialogs2QuickImpl.prl
2026-07-28 13:40:59,572 - aqt.updater - INFO - updater 132925286760768 Patching /home/schulemn/Qt/6.11.1/gcc_64/lib/libQt6Help.prl
2026-07-28 13:40:59,572 - aqt.updater - INFO - updater 132925286760768 Patching /home/schulemn/Qt/6.11.1/gcc_64/lib/libQt6Core.prl
2026-07-28 13:40:59,572 - aqt.updater - INFO - updater 132925286760768 Patching /home/schulemn/Qt/6.11.1/gcc_64/lib/libQt6XcbQpa.prl
2026-07-28 13:40:59,573 - aqt.updater - INFO - updater 132925286760768 Patching /home/schulemn/Qt/6.11.1/gcc_64/lib/libQt6Xml.prl
2026-07-28 13:40:59,573 - aqt.updater - INFO - updater 132925286760768 Patching /home/schulemn/Qt/6.11.1/gcc_64/lib/libQt6QuickDialogs2.prl
2026-07-28 13:40:59,573 - aqt.updater - INFO - updater 132925286760768 Patching /home/schulemn/Qt/6.11.1/gcc_64/lib/libQt6QmlLocalStorage.prl
2026-07-28 13:40:59,573 - aqt.updater - INFO - updater 132925286760768 Patching /home/schulemn/Qt/6.11.1/gcc_64/lib/libQt6KmsSupport.prl
2026-07-28 13:40:59,573 - aqt.updater - INFO - updater 132925286760768 Patching /home/schulemn/Qt/6.11.1/gcc_64/lib/libQt6QuickControls2Imagine.prl
2026-07-28 13:40:59,574 - aqt.updater - INFO - updater 132925286760768 Patching /home/schulemn/Qt/6.11.1/gcc_64/lib/libQt6WlShellIntegration.prl
2026-07-28 13:40:59,574 - aqt.updater - INFO - updater 132925286760768 Patching /home/schulemn/Qt/6.11.1/gcc_64/lib/libQt6PrintSupport.prl
2026-07-28 13:40:59,574 - aqt.updater - INFO - updater 132925286760768 Patching /home/schulemn/Qt/6.11.1/gcc_64/lib/libQt6QuickControlsTestUtils.prl
2026-07-28 13:40:59,574 - aqt.updater - INFO - updater 132925286760768 Patching /home/schulemn/Qt/6.11.1/gcc_64/lib/libQt6QmlAssetDownloader.prl
2026-07-28 13:40:59,574 - aqt.updater - INFO - updater 132925286760768 Patching /home/schulemn/Qt/6.11.1/gcc_64/lib/libQt6QmlXmlListModel.prl
2026-07-28 13:40:59,575 - aqt.updater - INFO - updater 132925286760768 Patching /home/schulemn/Qt/6.11.1/gcc_64/lib/libQt6Sql.prl
2026-07-28 13:40:59,575 - aqt.updater - INFO - updater 132925286760768 Patching /home/schulemn/Qt/6.11.1/gcc_64/lib/libQt6DesignerComponents.prl
2026-07-28 13:40:59,575 - aqt.updater - INFO - updater 132925286760768 Patching /home/schulemn/Qt/6.11.1/gcc_64/lib/libQt6QuickControls2ImagineStyleImpl.prl
2026-07-28 13:40:59,575 - aqt.updater - INFO - updater 132925286760768 Patching /home/schulemn/Qt/6.11.1/gcc_64/lib/libQt6QmlMeta.prl
2026-07-28 13:40:59,575 - aqt.updater - INFO - updater 132925286760768 Patching /home/schulemn/Qt/6.11.1/gcc_64/lib/libQt6QuickControls2Basic.prl
2026-07-28 13:40:59,576 - aqt.updater - INFO - updater 132925286760768 Patching /home/schulemn/Qt/6.11.1/gcc_64/lib/libQt6QuickVectorImageHelpers.prl
2026-07-28 13:40:59,576 - aqt.updater - INFO - updater 132925286760768 Patching /home/schulemn/Qt/6.11.1/gcc_64/lib/libQt6OpenGLWidgets.prl
2026-07-28 13:40:59,576 - aqt.updater - INFO - updater 132925286760768 Patching /home/schulemn/Qt/6.11.1/gcc_64/lib/libQt6QuickEffects.prl
2026-07-28 13:40:59,576 - aqt.updater - INFO - updater 132925286760768 Patching /home/schulemn/Qt/6.11.1/gcc_64/lib/libQt6QmlDom.prl
2026-07-28 13:40:59,576 - aqt.updater - INFO - updater 132925286760768 Patching /home/schulemn/Qt/6.11.1/gcc_64/lib/libQt6QuickControls2Impl.prl
2026-07-28 13:40:59,576 - aqt.updater - INFO - updater 132925286760768 Patching /home/schulemn/Qt/6.11.1/gcc_64/lib/libQt6DeviceDiscoverySupport.prl
2026-07-28 13:40:59,577 - aqt.updater - INFO - updater 132925286760768 Patching /home/schulemn/Qt/6.11.1/gcc_64/lib/libQt6QuickControls2FluentWinUI3StyleImpl.prl
2026-07-28 13:40:59,577 - aqt.updater - INFO - updater 132925286760768 Patching /home/schulemn/Qt/6.11.1/gcc_64/lib/libQt6LabsAnimation.prl
2026-07-28 13:40:59,577 - aqt.updater - INFO - updater 132925286760768 Patching /home/schulemn/Qt/6.11.1/gcc_64/lib/libQt6Quick3DUtils.prl
2026-07-28 13:40:59,577 - aqt.updater - INFO - updater 132925286760768 Patching /home/schulemn/Qt/6.11.1/gcc_64/lib/libQt6EglFsKmsGbmSupport.prl
2026-07-28 13:40:59,577 - aqt.updater - INFO - updater 132925286760768 Patching /home/schulemn/Qt/6.11.1/gcc_64/lib/libQt6QuickControls2FusionStyleImpl.prl
2026-07-28 13:40:59,578 - aqt.updater - INFO - updater 132925286760768 Patching /home/schulemn/Qt/6.11.1/gcc_64/lib/libQt6Quick3DParticleEffects.prl
2026-07-28 13:40:59,578 - aqt.updater - INFO - updater 132925286760768 Patching /home/schulemn/Qt/6.11.1/gcc_64/lib/libQt6QuickTest.prl
2026-07-28 13:40:59,578 - aqt.updater - INFO - updater 132925286760768 Patching /home/schulemn/Qt/6.11.1/gcc_64/lib/libQt6QuickControls2Material.prl
2026-07-28 13:40:59,578 - aqt.updater - INFO - updater 132925286760768 Patching /home/schulemn/Qt/6.11.1/gcc_64/lib/libQt6Quick3DHelpers.prl
2026-07-28 13:40:59,578 - aqt.updater - INFO - updater 132925286760768 Patching /home/schulemn/Qt/6.11.1/gcc_64/lib/libQt6SvgWidgets.prl
2026-07-28 13:40:59,579 - aqt.updater - INFO - updater 132925286760768 Patching /home/schulemn/Qt/6.11.1/gcc_64/lib/libQt6InputSupport.prl
2026-07-28 13:40:59,579 - aqt.updater - INFO - updater 132925286760768 Patching /home/schulemn/Qt/6.11.1/gcc_64/lib/libQt6Quick3DEffects.prl
2026-07-28 13:40:59,579 - aqt.updater - INFO - updater 132925286760768 Patching /home/schulemn/Qt/6.11.1/gcc_64/lib/libQt6Quick3DXr.prl
2026-07-28 13:40:59,579 - aqt.updater - INFO - updater 132925286760768 Patching /home/schulemn/Qt/6.11.1/gcc_64/lib/libQt6Quick3DIblBaker.prl
2026-07-28 13:40:59,579 - aqt.updater - INFO - updater 132925286760768 Patching /home/schulemn/Qt/6.11.1/gcc_64/lib/libQt6Network.prl
2026-07-28 13:40:59,579 - aqt.updater - INFO - updater 132925286760768 Patching /home/schulemn/Qt/6.11.1/gcc_64/lib/libQt6QuickVectorImage.prl
2026-07-28 13:40:59,580 - aqt.updater - INFO - updater 132925286760768 Patching /home/schulemn/Qt/6.11.1/gcc_64/lib/libQt6LabsSettings.prl
2026-07-28 13:40:59,580 - aqt.updater - INFO - updater 132925286760768 Patching /home/schulemn/Qt/6.11.1/gcc_64/lib/libQt6QuickControls2Fusion.prl
2026-07-28 13:40:59,580 - aqt.updater - INFO - updater 132925286760768 Patching /home/schulemn/Qt/6.11.1/gcc_64/lib/libQt6Quick.prl
2026-07-28 13:40:59,580 - aqt.updater - INFO - updater 132925286760768 Patching /home/schulemn/Qt/6.11.1/gcc_64/lib/libQt6EglFSDeviceIntegration.prl
2026-07-28 13:40:59,580 - aqt.updater - INFO - updater 132925286760768 Patching /home/schulemn/Qt/6.11.1/gcc_64/lib/libQt6LabsPlatform.prl
2026-07-28 13:40:59,580 - aqt.updater - INFO - updater 132925286760768 Patching /home/schulemn/Qt/6.11.1/gcc_64/lib/libQt6QuickDialogs2Utils.prl
2026-07-28 13:40:59,581 - aqt.updater - INFO - updater 132925286760768 Patching /home/schulemn/Qt/6.11.1/gcc_64/lib/libQt6LabsSharedImage.prl
2026-07-28 13:40:59,581 - aqt.main - INFO - installer 132925286760768 Finished installation
2026-07-28 13:40:59,581 - aqt.main - INFO - installer 132925286760768 Time elapsed: 52.47028524 second
2026-07-28 13:44:52,793 - aqt.main - INFO - installer 128078697607488 aqtinstall(aqt) v3.3.0 on Python 3.12.3 [CPython GCC 13.3.0]
2026-07-28 13:44:52,793 - aqt.helper - DEBUG - helper 128078697607488 Attempt to download checksum at https://download.qt.io/online/qtsdkrepository/linux_x64/desktop/qt6_6111/qt6_6111/Updates.xml.sha256
2026-07-28 13:44:53,168 - aqt.helper - DEBUG - helper 128078697607488 Attempt to download checksum at https://download.qt.io/online/qtsdkrepository/linux_x64/extensions/qtwebengine/6111/x86_64/Updates.xml.sha256
2026-07-28 13:44:53,546 - aqt.archives - INFO - archives 128078697607488 Found extension qtwebengine
2026-07-28 13:44:53,547 - aqt.helper - DEBUG - helper 128078697607488 Attempt to download checksum at https://download.qt.io/online/qtsdkrepository/linux_x64/extensions/qtpdf/6111/x86_64/Updates.xml.sha256
2026-07-28 13:44:53,949 - aqt.archives - INFO - archives 128078697607488 Found extension qtpdf
2026-07-28 13:44:54,123 - aqt.helper - DEBUG - helper 135938764407104 Attempt to download checksum at https://download.qt.io/online/qtsdkrepository/linux_x64/desktop/qt6_6111/qt6_6111/qt.qt6.6111.linux_gcc_64/6.11.1-0-202605090529qtbase-Linux-RHEL_9_6-GCC-Linux-RHEL_9_6-X86_64.7z.sha256
2026-07-28 13:44:54,124 - aqt.helper - DEBUG - helper 137846002553152 Attempt to download checksum at https://download.qt.io/online/qtsdkrepository/linux_x64/desktop/qt6_6111/qt6_6111/qt.qt6.6111.addons.qtshadertools.linux_gcc_64/6.11.1-0-202605090529qtshadertools-Linux-RHEL_9_6-GCC-Linux-RHEL_9_6-X86_64.7z.sha256
2026-07-28 13:44:54,140 - aqt.helper - DEBUG - helper 129202347319616 Attempt to download checksum at https://download.qt.io/online/qtsdkrepository/linux_x64/desktop/qt6_6111/qt6_6111/qt.qt6.6111.linux_gcc_64/6.11.1-0-202605090529qtsvg-Linux-RHEL_9_6-GCC-Linux-RHEL_9_6-X86_64.7z.sha256
2026-07-28 13:44:54,141 - aqt.helper - DEBUG - helper 136850764194112 Attempt to download checksum at https://download.qt.io/online/qtsdkrepository/linux_x64/desktop/qt6_6111/qt6_6111/qt.qt6.6111.linux_gcc_64/6.11.1-0-202605090529qtdeclarative-Linux-RHEL_9_6-GCC-Linux-RHEL_9_6-X86_64.7z.sha256
2026-07-28 13:44:54,306 - aqt.helper - INFO - helper 129202347319616 Downloading qtsvg...
2026-07-28 13:44:54,306 - aqt.installer - DEBUG - installer 129202347319616 Download URL: https://download.qt.io/online/qtsdkrepository/linux_x64/desktop/qt6_6111/qt6_6111/qt.qt6.6111.linux_gcc_64/6.11.1-0-202605090529qtsvg-Linux-RHEL_9_6-GCC-Linux-RHEL_9_6-X86_64.7z
2026-07-28 13:44:54,310 - aqt.helper - INFO - helper 135938764407104 Downloading qtbase...
2026-07-28 13:44:54,310 - aqt.installer - DEBUG - installer 135938764407104 Download URL: https://download.qt.io/online/qtsdkrepository/linux_x64/desktop/qt6_6111/qt6_6111/qt.qt6.6111.linux_gcc_64/6.11.1-0-202605090529qtbase-Linux-RHEL_9_6-GCC-Linux-RHEL_9_6-X86_64.7z
2026-07-28 13:44:54,312 - aqt.helper - INFO - helper 137846002553152 Downloading qtshadertools...
2026-07-28 13:44:54,312 - aqt.installer - DEBUG - installer 137846002553152 Download URL: https://download.qt.io/online/qtsdkrepository/linux_x64/desktop/qt6_6111/qt6_6111/qt.qt6.6111.addons.qtshadertools.linux_gcc_64/6.11.1-0-202605090529qtshadertools-Linux-RHEL_9_6-GCC-Linux-RHEL_9_6-X86_64.7z
2026-07-28 13:44:54,317 - aqt.helper - INFO - helper 136850764194112 Downloading qtdeclarative...
2026-07-28 13:44:54,317 - aqt.installer - DEBUG - installer 136850764194112 Download URL: https://download.qt.io/online/qtsdkrepository/linux_x64/desktop/qt6_6111/qt6_6111/qt.qt6.6111.linux_gcc_64/6.11.1-0-202605090529qtdeclarative-Linux-RHEL_9_6-GCC-Linux-RHEL_9_6-X86_64.7z
2026-07-28 13:44:54,480 - aqt.helper - DEBUG - helper 135938764407104 Asked to redirect(302) to: https://ftp.fau.de/qtproject/online/qtsdkrepository/linux_x64/desktop/qt6_6111/qt6_6111/qt.qt6.6111.linux_gcc_64/6.11.1-0-202605090529qtbase-Linux-RHEL_9_6-GCC-Linux-RHEL_9_6-X86_64.7z
2026-07-28 13:44:54,480 - aqt.helper - INFO - helper 135938764407104 Redirected: ftp.fau.de
2026-07-28 13:44:54,483 - aqt.helper - DEBUG - helper 136850764194112 Asked to redirect(302) to: https://ftp.fau.de/qtproject/online/qtsdkrepository/linux_x64/desktop/qt6_6111/qt6_6111/qt.qt6.6111.linux_gcc_64/6.11.1-0-202605090529qtdeclarative-Linux-RHEL_9_6-GCC-Linux-RHEL_9_6-X86_64.7z
2026-07-28 13:44:54,483 - aqt.helper - INFO - helper 136850764194112 Redirected: ftp.fau.de
2026-07-28 13:44:54,486 - aqt.helper - DEBUG - helper 129202347319616 Asked to redirect(302) to: https://ftp.fau.de/qtproject/online/qtsdkrepository/linux_x64/desktop/qt6_6111/qt6_6111/qt.qt6.6111.linux_gcc_64/6.11.1-0-202605090529qtsvg-Linux-RHEL_9_6-GCC-Linux-RHEL_9_6-X86_64.7z
2026-07-28 13:44:54,486 - aqt.helper - INFO - helper 129202347319616 Redirected: ftp.fau.de
2026-07-28 13:44:54,512 - aqt.helper - DEBUG - helper 137846002553152 Asked to redirect(302) to: https://ftp.fau.de/qtproject/online/qtsdkrepository/linux_x64/desktop/qt6_6111/qt6_6111/qt.qt6.6111.addons.qtshadertools.linux_gcc_64/6.11.1-0-202605090529qtshadertools-Linux-RHEL_9_6-GCC-Linux-RHEL_9_6-X86_64.7z
2026-07-28 13:44:54,512 - aqt.helper - INFO - helper 137846002553152 Redirected: ftp.fau.de
2026-07-28 13:44:54,786 - aqt.installer - INFO - installer 129202347319616 Finished installation of qtsvg-Linux-RHEL_9_6-GCC-Linux-RHEL_9_6-X86_64.7z in 0.64656871
2026-07-28 13:44:54,795 - aqt.helper - DEBUG - helper 129202347319616 Attempt to download checksum at https://download.qt.io/online/qtsdkrepository/linux_x64/desktop/qt6_6111/qt6_6111/qt.qt6.6111.linux_gcc_64/6.11.1-0-202605090529qtdoc-Linux-RHEL_9_6-GCC-Linux-RHEL_9_6-X86_64.7z.sha256
2026-07-28 13:44:54,971 - aqt.helper - INFO - helper 129202347319616 Downloading qtdoc...
2026-07-28 13:44:54,972 - aqt.installer - DEBUG - installer 129202347319616 Download URL: https://download.qt.io/online/qtsdkrepository/linux_x64/desktop/qt6_6111/qt6_6111/qt.qt6.6111.linux_gcc_64/6.11.1-0-202605090529qtdoc-Linux-RHEL_9_6-GCC-Linux-RHEL_9_6-X86_64.7z
2026-07-28 13:44:55,139 - aqt.helper - DEBUG - helper 129202347319616 Asked to redirect(302) to: https://ftp.fau.de/qtproject/online/qtsdkrepository/linux_x64/desktop/qt6_6111/qt6_6111/qt.qt6.6111.linux_gcc_64/6.11.1-0-202605090529qtdoc-Linux-RHEL_9_6-GCC-Linux-RHEL_9_6-X86_64.7z
2026-07-28 13:44:55,139 - aqt.helper - INFO - helper 129202347319616 Redirected: ftp.fau.de
2026-07-28 13:44:55,331 - aqt.installer - INFO - installer 137846002553152 Finished installation of qtshadertools-Linux-RHEL_9_6-GCC-Linux-RHEL_9_6-X86_64.7z in 1.20858909
2026-07-28 13:44:55,342 - aqt.helper - DEBUG - helper 137846002553152 Attempt to download checksum at https://download.qt.io/online/qtsdkrepository/linux_x64/desktop/qt6_6111/qt6_6111/qt.qt6.6111.linux_gcc_64/6.11.1-0-202605090529qttools-Linux-RHEL_9_6-GCC-Linux-RHEL_9_6-X86_64.7z.sha256
2026-07-28 13:44:55,503 - aqt.helper - INFO - helper 137846002553152 Downloading qttools...
2026-07-28 13:44:55,504 - aqt.installer - DEBUG - installer 137846002553152 Download URL: https://download.qt.io/online/qtsdkrepository/linux_x64/desktop/qt6_6111/qt6_6111/qt.qt6.6111.linux_gcc_64/6.11.1-0-202605090529qttools-Linux-RHEL_9_6-GCC-Linux-RHEL_9_6-X86_64.7z
2026-07-28 13:44:55,680 - aqt.helper - DEBUG - helper 137846002553152 Asked to redirect(302) to: https://ftp.fau.de/qtproject/online/qtsdkrepository/linux_x64/desktop/qt6_6111/qt6_6111/qt.qt6.6111.linux_gcc_64/6.11.1-0-202605090529qttools-Linux-RHEL_9_6-GCC-Linux-RHEL_9_6-X86_64.7z
2026-07-28 13:44:55,680 - aqt.helper - INFO - helper 137846002553152 Redirected: ftp.fau.de
2026-07-28 13:44:56,220 - aqt.installer - INFO - installer 129202347319616 Finished installation of qtdoc-Linux-RHEL_9_6-GCC-Linux-RHEL_9_6-X86_64.7z in 1.42610700
2026-07-28 13:44:56,230 - aqt.helper - DEBUG - helper 129202347319616 Attempt to download checksum at https://download.qt.io/online/qtsdkrepository/linux_x64/desktop/qt6_6111/qt6_6111/qt.qt6.6111.linux_gcc_64/6.11.1-0-202605090529qttranslations-Linux-RHEL_9_6-GCC-Linux-RHEL_9_6-X86_64.7z.sha256
2026-07-28 13:44:56,395 - aqt.helper - INFO - helper 129202347319616 Downloading qttranslations...
2026-07-28 13:44:56,396 - aqt.installer - DEBUG - installer 129202347319616 Download URL: https://download.qt.io/online/qtsdkrepository/linux_x64/desktop/qt6_6111/qt6_6111/qt.qt6.6111.linux_gcc_64/6.11.1-0-202605090529qttranslations-Linux-RHEL_9_6-GCC-Linux-RHEL_9_6-X86_64.7z
2026-07-28 13:44:56,580 - aqt.helper - DEBUG - helper 129202347319616 Asked to redirect(302) to: https://ftp.fau.de/qtproject/online/qtsdkrepository/linux_x64/desktop/qt6_6111/qt6_6111/qt.qt6.6111.linux_gcc_64/6.11.1-0-202605090529qttranslations-Linux-RHEL_9_6-GCC-Linux-RHEL_9_6-X86_64.7z
2026-07-28 13:44:56,580 - aqt.helper - INFO - helper 129202347319616 Redirected: ftp.fau.de
2026-07-28 13:44:57,392 - aqt.installer - INFO - installer 129202347319616 Finished installation of qttranslations-Linux-RHEL_9_6-GCC-Linux-RHEL_9_6-X86_64.7z in 1.16294757
2026-07-28 13:44:57,402 - aqt.helper - DEBUG - helper 129202347319616 Attempt to download checksum at https://download.qt.io/online/qtsdkrepository/linux_x64/desktop/qt6_6111/qt6_6111/qt.qt6.6111.linux_gcc_64/6.11.1-0-202605090529qtwayland-Linux-RHEL_9_6-GCC-Linux-RHEL_9_6-X86_64.7z.sha256
2026-07-28 13:44:57,586 - aqt.helper - INFO - helper 129202347319616 Downloading qtwayland...
2026-07-28 13:44:57,586 - aqt.installer - DEBUG - installer 129202347319616 Download URL: https://download.qt.io/online/qtsdkrepository/linux_x64/desktop/qt6_6111/qt6_6111/qt.qt6.6111.linux_gcc_64/6.11.1-0-202605090529qtwayland-Linux-RHEL_9_6-GCC-Linux-RHEL_9_6-X86_64.7z
2026-07-28 13:44:57,752 - aqt.helper - DEBUG - helper 129202347319616 Asked to redirect(302) to: https://ftp.fau.de/qtproject/online/qtsdkrepository/linux_x64/desktop/qt6_6111/qt6_6111/qt.qt6.6111.linux_gcc_64/6.11.1-0-202605090529qtwayland-Linux-RHEL_9_6-GCC-Linux-RHEL_9_6-X86_64.7z
2026-07-28 13:44:57,752 - aqt.helper - INFO - helper 129202347319616 Redirected: ftp.fau.de
2026-07-28 13:44:57,954 - aqt.installer - INFO - installer 129202347319616 Finished installation of qtwayland-Linux-RHEL_9_6-GCC-Linux-RHEL_9_6-X86_64.7z in 0.55261450
2026-07-28 13:44:58,135 - aqt.helper - DEBUG - helper 133228800553280 Attempt to download checksum at https://download.qt.io/online/qtsdkrepository/linux_x64/desktop/qt6_6111/qt6_6111/qt.qt6.6111.linux_gcc_64/6.11.1-0-202605090529icu-linux-Rhel8.6-x86_64.7z.sha256
2026-07-28 13:44:58,311 - aqt.helper - INFO - helper 133228800553280 Downloading icu...
2026-07-28 13:44:58,312 - aqt.installer - DEBUG - installer 133228800553280 Download URL: https://download.qt.io/online/qtsdkrepository/linux_x64/desktop/qt6_6111/qt6_6111/qt.qt6.6111.linux_gcc_64/6.11.1-0-202605090529icu-linux-Rhel8.6-x86_64.7z
2026-07-28 13:44:58,586 - aqt.helper - DEBUG - helper 133228800553280 Asked to redirect(302) to: https://ftp.fau.de/qtproject/online/qtsdkrepository/linux_x64/desktop/qt6_6111/qt6_6111/qt.qt6.6111.linux_gcc_64/6.11.1-0-202605090529icu-linux-Rhel8.6-x86_64.7z
2026-07-28 13:44:58,586 - aqt.helper - INFO - helper 133228800553280 Redirected: ftp.fau.de
2026-07-28 13:45:00,926 - aqt.installer - INFO - installer 133228800553280 Finished installation of icu-linux-Rhel8.6-x86_64.7z in 2.79202649
2026-07-28 13:45:05,946 - aqt.installer - INFO - installer 135938764407104 Finished installation of qtbase-Linux-RHEL_9_6-GCC-Linux-RHEL_9_6-X86_64.7z in 11.82342613
2026-07-28 13:45:08,468 - aqt.installer - INFO - installer 137846002553152 Finished installation of qttools-Linux-RHEL_9_6-GCC-Linux-RHEL_9_6-X86_64.7z in 13.12693956
2026-07-28 13:45:50,889 - aqt.installer - INFO - installer 136850764194112 Finished installation of qtdeclarative-Linux-RHEL_9_6-GCC-Linux-RHEL_9_6-X86_64.7z in 55.73651664
2026-07-28 13:45:50,982 - aqt.updater - INFO - updater 128078697607488 Patching /home/schulemn/Qt/6.11.1/gcc_64/bin/qmake
2026-07-28 13:45:50,987 - aqt.updater - INFO - updater 128078697607488 Patching /home/schulemn/Qt/6.11.1/gcc_64/lib/pkgconfig/Qt6LabsStyleKit.pc
2026-07-28 13:45:50,987 - aqt.updater - INFO - updater 128078697607488 Patching /home/schulemn/Qt/6.11.1/gcc_64/lib/pkgconfig/Qt6LabsWavefrontMesh.pc
2026-07-28 13:45:50,988 - aqt.updater - INFO - updater 128078697607488 Patching /home/schulemn/Qt/6.11.1/gcc_64/lib/pkgconfig/Qt6QuickVectorImageHelpers.pc
2026-07-28 13:45:50,988 - aqt.updater - INFO - updater 128078697607488 Patching /home/schulemn/Qt/6.11.1/gcc_64/lib/pkgconfig/Qt6QuickControls2Impl.pc
2026-07-28 13:45:50,988 - aqt.updater - INFO - updater 128078697607488 Patching /home/schulemn/Qt/6.11.1/gcc_64/lib/pkgconfig/Qt6Quick3DParticleEffects.pc
2026-07-28 13:45:50,988 - aqt.updater - INFO - updater 128078697607488 Patching /home/schulemn/Qt/6.11.1/gcc_64/lib/pkgconfig/Qt6LabsAnimation.pc
2026-07-28 13:45:50,988 - aqt.updater - INFO - updater 128078697607488 Patching /home/schulemn/Qt/6.11.1/gcc_64/lib/pkgconfig/Qt6QmlModels.pc
2026-07-28 13:45:50,988 - aqt.updater - INFO - updater 128078697607488 Patching /home/schulemn/Qt/6.11.1/gcc_64/lib/pkgconfig/Qt6Quick3DUtils.pc
2026-07-28 13:45:50,988 - aqt.updater - INFO - updater 128078697607488 Patching /home/schulemn/Qt/6.11.1/gcc_64/lib/pkgconfig/Qt6QuickTest.pc
2026-07-28 13:45:50,989 - aqt.updater - INFO - updater 128078697607488 Patching /home/schulemn/Qt/6.11.1/gcc_64/lib/pkgconfig/Qt6QuickControls2MaterialStyleImpl.pc
2026-07-28 13:45:50,989 - aqt.updater - INFO - updater 128078697607488 Patching /home/schulemn/Qt/6.11.1/gcc_64/lib/pkgconfig/Qt6QuickControls2Imagine.pc
2026-07-28 13:45:50,989 - aqt.updater - INFO - updater 128078697607488 Patching /home/schulemn/Qt/6.11.1/gcc_64/lib/pkgconfig/Qt6Widgets.pc
2026-07-28 13:45:50,989 - aqt.updater - INFO - updater 128078697607488 Patching /home/schulemn/Qt/6.11.1/gcc_64/lib/pkgconfig/Qt6QmlXmlListModel.pc
2026-07-28 13:45:50,989 - aqt.updater - INFO - updater 128078697607488 Patching /home/schulemn/Qt/6.11.1/gcc_64/lib/pkgconfig/Qt6Core.pc
2026-07-28 13:45:50,989 - aqt.updater - INFO - updater 128078697607488 Patching /home/schulemn/Qt/6.11.1/gcc_64/lib/pkgconfig/Qt6QuickControls2.pc
2026-07-28 13:45:50,990 - aqt.updater - INFO - updater 128078697607488 Patching /home/schulemn/Qt/6.11.1/gcc_64/lib/pkgconfig/Qt6UiPlugin.pc
2026-07-28 13:45:50,990 - aqt.updater - INFO - updater 128078697607488 Patching /home/schulemn/Qt/6.11.1/gcc_64/lib/pkgconfig/Qt6Quick3DHelpers.pc
2026-07-28 13:45:50,990 - aqt.updater - INFO - updater 128078697607488 Patching /home/schulemn/Qt/6.11.1/gcc_64/lib/pkgconfig/Qt6QuickEffects.pc
2026-07-28 13:45:50,990 - aqt.updater - INFO - updater 128078697607488 Patching /home/schulemn/Qt/6.11.1/gcc_64/lib/pkgconfig/Qt6SvgWidgets.pc
2026-07-28 13:45:50,990 - aqt.updater - INFO - updater 128078697607488 Patching /home/schulemn/Qt/6.11.1/gcc_64/lib/pkgconfig/Qt6QuickDialogs2.pc
2026-07-28 13:45:50,990 - aqt.updater - INFO - updater 128078697607488 Patching /home/schulemn/Qt/6.11.1/gcc_64/lib/pkgconfig/Qt6LabsSharedImage.pc
2026-07-28 13:45:50,990 - aqt.updater - INFO - updater 128078697607488 Patching /home/schulemn/Qt/6.11.1/gcc_64/lib/pkgconfig/Qt6QuickDialogs2Utils.pc
2026-07-28 13:45:50,991 - aqt.updater - INFO - updater 128078697607488 Patching /home/schulemn/Qt/6.11.1/gcc_64/lib/pkgconfig/Qt6Help.pc
2026-07-28 13:45:50,991 - aqt.updater - INFO - updater 128078697607488 Patching /home/schulemn/Qt/6.11.1/gcc_64/lib/pkgconfig/Qt6QuickDialogs2QuickImpl.pc
2026-07-28 13:45:50,991 - aqt.updater - INFO - updater 128078697607488 Patching /home/schulemn/Qt/6.11.1/gcc_64/lib/pkgconfig/Qt6Sql.pc
2026-07-28 13:45:50,991 - aqt.updater - INFO - updater 128078697607488 Patching /home/schulemn/Qt/6.11.1/gcc_64/lib/pkgconfig/Qt6QuickWidgets.pc
2026-07-28 13:45:50,991 - aqt.updater - INFO - updater 128078697607488 Patching /home/schulemn/Qt/6.11.1/gcc_64/lib/pkgconfig/Qt6QuickShapes.pc
2026-07-28 13:45:50,992 - aqt.updater - INFO - updater 128078697607488 Patching /home/schulemn/Qt/6.11.1/gcc_64/lib/pkgconfig/Qt6Quick3DIblBaker.pc
2026-07-28 13:45:50,992 - aqt.updater - INFO - updater 128078697607488 Patching /home/schulemn/Qt/6.11.1/gcc_64/lib/pkgconfig/Qt6Qml.pc
2026-07-28 13:45:50,992 - aqt.updater - INFO - updater 128078697607488 Patching /home/schulemn/Qt/6.11.1/gcc_64/lib/pkgconfig/Qt6Quick3DAssetUtils.pc
2026-07-28 13:45:50,992 - aqt.updater - INFO - updater 128078697607488 Patching /home/schulemn/Qt/6.11.1/gcc_64/lib/pkgconfig/Qt6Quick3DAssetImport.pc
2026-07-28 13:45:50,993 - aqt.updater - INFO - updater 128078697607488 Patching /home/schulemn/Qt/6.11.1/gcc_64/lib/pkgconfig/Qt6QuickControls2FusionStyleImpl.pc
2026-07-28 13:45:50,993 - aqt.updater - INFO - updater 128078697607488 Patching /home/schulemn/Qt/6.11.1/gcc_64/lib/pkgconfig/Qt6Svg.pc
2026-07-28 13:45:50,993 - aqt.updater - INFO - updater 128078697607488 Patching /home/schulemn/Qt/6.11.1/gcc_64/lib/pkgconfig/Qt6Quick3DXr.pc
2026-07-28 13:45:50,993 - aqt.updater - INFO - updater 128078697607488 Patching /home/schulemn/Qt/6.11.1/gcc_64/lib/pkgconfig/Qt6QmlWorkerScript.pc
2026-07-28 13:45:50,993 - aqt.updater - INFO - updater 128078697607488 Patching /home/schulemn/Qt/6.11.1/gcc_64/lib/pkgconfig/Qt6QmlCompiler.pc
2026-07-28 13:45:50,994 - aqt.updater - INFO - updater 128078697607488 Patching /home/schulemn/Qt/6.11.1/gcc_64/lib/pkgconfig/Qt6WaylandClient.pc
2026-07-28 13:45:50,994 - aqt.updater - INFO - updater 128078697607488 Patching /home/schulemn/Qt/6.11.1/gcc_64/lib/pkgconfig/Qt6QuickControls2Basic.pc
2026-07-28 13:45:50,994 - aqt.updater - INFO - updater 128078697607488 Patching /home/schulemn/Qt/6.11.1/gcc_64/lib/pkgconfig/Qt6Quick3DRuntimeRender.pc
2026-07-28 13:45:50,994 - aqt.updater - INFO - updater 128078697607488 Patching /home/schulemn/Qt/6.11.1/gcc_64/lib/pkgconfig/Qt6LabsQmlModels.pc
2026-07-28 13:45:50,994 - aqt.updater - INFO - updater 128078697607488 Patching /home/schulemn/Qt/6.11.1/gcc_64/lib/pkgconfig/Qt6QuickControls2Fusion.pc
2026-07-28 13:45:50,994 - aqt.updater - INFO - updater 128078697607488 Patching /home/schulemn/Qt/6.11.1/gcc_64/lib/pkgconfig/Qt6PrintSupport.pc
2026-07-28 13:45:50,994 - aqt.updater - INFO - updater 128078697607488 Patching /home/schulemn/Qt/6.11.1/gcc_64/lib/pkgconfig/Qt6Network.pc
2026-07-28 13:45:50,995 - aqt.updater - INFO - updater 128078697607488 Patching /home/schulemn/Qt/6.11.1/gcc_64/lib/pkgconfig/Qt6Concurrent.pc
2026-07-28 13:45:50,995 - aqt.updater - INFO - updater 128078697607488 Patching /home/schulemn/Qt/6.11.1/gcc_64/lib/pkgconfig/Qt6QuickControls2Universal.pc
2026-07-28 13:45:50,995 - aqt.updater - INFO - updater 128078697607488 Patching /home/schulemn/Qt/6.11.1/gcc_64/lib/pkgconfig/Qt6Quick3DHelpersImpl.pc
2026-07-28 13:45:50,995 - aqt.updater - INFO - updater 128078697607488 Patching /home/schulemn/Qt/6.11.1/gcc_64/lib/pkgconfig/Qt6QuickControls2FluentWinUI3StyleImpl.pc
2026-07-28 13:45:50,995 - aqt.updater - INFO - updater 128078697607488 Patching /home/schulemn/Qt/6.11.1/gcc_64/lib/pkgconfig/Qt6LabsSettings.pc
2026-07-28 13:45:50,995 - aqt.updater - INFO - updater 128078697607488 Patching /home/schulemn/Qt/6.11.1/gcc_64/lib/pkgconfig/Qt6QuickControls2BasicStyleImpl.pc
2026-07-28 13:45:50,995 - aqt.updater - INFO - updater 128078697607488 Patching /home/schulemn/Qt/6.11.1/gcc_64/lib/pkgconfig/Qt6QuickControls2ImagineStyleImpl.pc
2026-07-28 13:45:50,996 - aqt.updater - INFO - updater 128078697607488 Patching /home/schulemn/Qt/6.11.1/gcc_64/lib/pkgconfig/Qt6QuickTemplates2.pc
2026-07-28 13:45:50,996 - aqt.updater - INFO - updater 128078697607488 Patching /home/schulemn/Qt/6.11.1/gcc_64/lib/pkgconfig/Qt6Quick.pc
2026-07-28 13:45:50,996 - aqt.updater - INFO - updater 128078697607488 Patching /home/schulemn/Qt/6.11.1/gcc_64/lib/pkgconfig/Qt6Quick3DParticles.pc
2026-07-28 13:45:50,996 - aqt.updater - INFO - updater 128078697607488 Patching /home/schulemn/Qt/6.11.1/gcc_64/lib/pkgconfig/Qt6Linguist.pc
2026-07-28 13:45:50,996 - aqt.updater - INFO - updater 128078697607488 Patching /home/schulemn/Qt/6.11.1/gcc_64/lib/pkgconfig/Qt6Platform.pc
2026-07-28 13:45:50,996 - aqt.updater - INFO - updater 128078697607488 Patching /home/schulemn/Qt/6.11.1/gcc_64/lib/pkgconfig/Qt6Test.pc
2026-07-28 13:45:50,996 - aqt.updater - INFO - updater 128078697607488 Patching /home/schulemn/Qt/6.11.1/gcc_64/lib/pkgconfig/Qt6LabsPlatform.pc
2026-07-28 13:45:50,997 - aqt.updater - INFO - updater 128078697607488 Patching /home/schulemn/Qt/6.11.1/gcc_64/lib/pkgconfig/Qt6QmlMeta.pc
2026-07-28 13:45:50,997 - aqt.updater - INFO - updater 128078697607488 Patching /home/schulemn/Qt/6.11.1/gcc_64/lib/pkgconfig/Qt6OpenGLWidgets.pc
2026-07-28 13:45:50,997 - aqt.updater - INFO - updater 128078697607488 Patching /home/schulemn/Qt/6.11.1/gcc_64/lib/pkgconfig/Qt6QuickVectorImage.pc
2026-07-28 13:45:50,997 - aqt.updater - INFO - updater 128078697607488 Patching /home/schulemn/Qt/6.11.1/gcc_64/lib/pkgconfig/Qt6LabsFolderListModel.pc
2026-07-28 13:45:50,997 - aqt.updater - INFO - updater 128078697607488 Patching /home/schulemn/Qt/6.11.1/gcc_64/lib/pkgconfig/Qt6LabsSynchronizer.pc
2026-07-28 13:45:50,997 - aqt.updater - INFO - updater 128078697607488 Patching /home/schulemn/Qt/6.11.1/gcc_64/lib/pkgconfig/Qt6OpenGL.pc
2026-07-28 13:45:50,998 - aqt.updater - INFO - updater 128078697607488 Patching /home/schulemn/Qt/6.11.1/gcc_64/lib/pkgconfig/Qt6LabsStyleKitImpl.pc
2026-07-28 13:45:50,998 - aqt.updater - INFO - updater 128078697607488 Patching /home/schulemn/Qt/6.11.1/gcc_64/lib/pkgconfig/Qt6Quick3D.pc
2026-07-28 13:45:50,998 - aqt.updater - INFO - updater 128078697607488 Patching /home/schulemn/Qt/6.11.1/gcc_64/lib/pkgconfig/Qt6UiTools.pc
2026-07-28 13:45:50,998 - aqt.updater - INFO - updater 128078697607488 Patching /home/schulemn/Qt/6.11.1/gcc_64/lib/pkgconfig/Qt6QmlCore.pc
2026-07-28 13:45:50,998 - aqt.updater - INFO - updater 128078697607488 Patching /home/schulemn/Qt/6.11.1/gcc_64/lib/pkgconfig/Qt6QmlIntegration.pc
2026-07-28 13:45:50,998 - aqt.updater - INFO - updater 128078697607488 Patching /home/schulemn/Qt/6.11.1/gcc_64/lib/pkgconfig/Qt6Xml.pc
2026-07-28 13:45:50,998 - aqt.updater - INFO - updater 128078697607488 Patching /home/schulemn/Qt/6.11.1/gcc_64/lib/pkgconfig/Qt6Designer.pc
2026-07-28 13:45:50,999 - aqt.updater - INFO - updater 128078697607488 Patching /home/schulemn/Qt/6.11.1/gcc_64/lib/pkgconfig/Qt6QuickLayouts.pc
2026-07-28 13:45:50,999 - aqt.updater - INFO - updater 128078697607488 Patching /home/schulemn/Qt/6.11.1/gcc_64/lib/pkgconfig/Qt6Quick3DEffects.pc
2026-07-28 13:45:50,999 - aqt.updater - INFO - updater 128078697607488 Patching /home/schulemn/Qt/6.11.1/gcc_64/lib/pkgconfig/Qt6QmlNetwork.pc
2026-07-28 13:45:50,999 - aqt.updater - INFO - updater 128078697607488 Patching /home/schulemn/Qt/6.11.1/gcc_64/lib/pkgconfig/Qt6QuickControls2Material.pc
2026-07-28 13:45:50,999 - aqt.updater - INFO - updater 128078697607488 Patching /home/schulemn/Qt/6.11.1/gcc_64/lib/pkgconfig/Qt6DBus.pc
2026-07-28 13:45:50,999 - aqt.updater - INFO - updater 128078697607488 Patching /home/schulemn/Qt/6.11.1/gcc_64/lib/pkgconfig/Qt6Gui.pc
2026-07-28 13:45:51,000 - aqt.updater - INFO - updater 128078697607488 Patching /home/schulemn/Qt/6.11.1/gcc_64/lib/pkgconfig/Qt6ShaderTools.pc
2026-07-28 13:45:51,000 - aqt.updater - INFO - updater 128078697607488 Patching /home/schulemn/Qt/6.11.1/gcc_64/lib/pkgconfig/Qt6QuickControls2UniversalStyleImpl.pc
2026-07-28 13:45:51,000 - aqt.updater - INFO - updater 128078697607488 Patching /home/schulemn/Qt/6.11.1/gcc_64/lib/pkgconfig/Qt6QmlLocalStorage.pc
2026-07-28 13:45:51,001 - aqt.updater - INFO - updater 128078697607488 Patching /home/schulemn/Qt/6.11.1/gcc_64/lib/libQt6QuickShapesDesignHelpers.prl
2026-07-28 13:45:51,001 - aqt.updater - INFO - updater 128078697607488 Patching /home/schulemn/Qt/6.11.1/gcc_64/lib/libQt6QuickControls2.prl
2026-07-28 13:45:51,001 - aqt.updater - INFO - updater 128078697607488 Patching /home/schulemn/Qt/6.11.1/gcc_64/lib/libQt6QmlFormat.prl
2026-07-28 13:45:51,001 - aqt.updater - INFO - updater 128078697607488 Patching /home/schulemn/Qt/6.11.1/gcc_64/lib/libQt6LabsStyleKitImpl.prl
2026-07-28 13:45:51,002 - aqt.updater - INFO - updater 128078697607488 Patching /home/schulemn/Qt/6.11.1/gcc_64/lib/libQt6OpenGL.prl
2026-07-28 13:45:51,002 - aqt.updater - INFO - updater 128078697607488 Patching /home/schulemn/Qt/6.11.1/gcc_64/lib/libQt6WaylandClient.prl
2026-07-28 13:45:51,002 - aqt.updater - INFO - updater 128078697607488 Patching /home/schulemn/Qt/6.11.1/gcc_64/lib/libQt6QuickTestUtils.prl
2026-07-28 13:45:51,002 - aqt.updater - INFO - updater 128078697607488 Patching /home/schulemn/Qt/6.11.1/gcc_64/lib/libQt6QuickParticles.prl
2026-07-28 13:45:51,002 - aqt.updater - INFO - updater 128078697607488 Patching /home/schulemn/Qt/6.11.1/gcc_64/lib/libQt6EglFsKmsSupport.prl
2026-07-28 13:45:51,002 - aqt.updater - INFO - updater 128078697607488 Patching /home/schulemn/Qt/6.11.1/gcc_64/lib/libQt6QmlCompiler.prl
2026-07-28 13:45:51,002 - aqt.updater - INFO - updater 128078697607488 Patching /home/schulemn/Qt/6.11.1/gcc_64/lib/libQt6UiTools.prl
2026-07-28 13:45:51,003 - aqt.updater - INFO - updater 128078697607488 Patching /home/schulemn/Qt/6.11.1/gcc_64/lib/libQt6QuickControls2BasicStyleImpl.prl
2026-07-28 13:45:51,003 - aqt.updater - INFO - updater 128078697607488 Patching /home/schulemn/Qt/6.11.1/gcc_64/lib/libQt6Widgets.prl
2026-07-28 13:45:51,003 - aqt.updater - INFO - updater 128078697607488 Patching /home/schulemn/Qt/6.11.1/gcc_64/lib/libQt6Quick3DParticles.prl
2026-07-28 13:45:51,003 - aqt.updater - INFO - updater 128078697607488 Patching /home/schulemn/Qt/6.11.1/gcc_64/lib/libQt6QmlCore.prl
2026-07-28 13:45:51,003 - aqt.updater - INFO - updater 128078697607488 Patching /home/schulemn/Qt/6.11.1/gcc_64/lib/libQt6QmlDebug.prl
2026-07-28 13:45:51,003 - aqt.updater - INFO - updater 128078697607488 Patching /home/schulemn/Qt/6.11.1/gcc_64/lib/libQt6LabsWavefrontMesh.prl
2026-07-28 13:45:51,003 - aqt.updater - INFO - updater 128078697607488 Patching /home/schulemn/Qt/6.11.1/gcc_64/lib/libQt6QmlWorkerScript.prl
2026-07-28 13:45:51,004 - aqt.updater - INFO - updater 128078697607488 Patching /home/schulemn/Qt/6.11.1/gcc_64/lib/libQt6LabsSynchronizer.prl
2026-07-28 13:45:51,004 - aqt.updater - INFO - updater 128078697607488 Patching /home/schulemn/Qt/6.11.1/gcc_64/lib/libQt6QuickControls2UniversalStyleImpl.prl
2026-07-28 13:45:51,004 - aqt.updater - INFO - updater 128078697607488 Patching /home/schulemn/Qt/6.11.1/gcc_64/lib/libQt6Concurrent.prl
2026-07-28 13:45:51,004 - aqt.updater - INFO - updater 128078697607488 Patching /home/schulemn/Qt/6.11.1/gcc_64/lib/libQt6QuickControls2Universal.prl
2026-07-28 13:45:51,004 - aqt.updater - INFO - updater 128078697607488 Patching /home/schulemn/Qt/6.11.1/gcc_64/lib/libQt6QuickWidgets.prl
2026-07-28 13:45:51,004 - aqt.updater - INFO - updater 128078697607488 Patching /home/schulemn/Qt/6.11.1/gcc_64/lib/libQt6PacketProtocol.prl
2026-07-28 13:45:51,004 - aqt.updater - INFO - updater 128078697607488 Patching /home/schulemn/Qt/6.11.1/gcc_64/lib/libQt6QuickShapes.prl
2026-07-28 13:45:51,005 - aqt.updater - INFO - updater 128078697607488 Patching /home/schulemn/Qt/6.11.1/gcc_64/lib/libQt6LabsStyleKit.prl
2026-07-28 13:45:51,005 - aqt.updater - INFO - updater 128078697607488 Patching /home/schulemn/Qt/6.11.1/gcc_64/lib/libQt6QmlNetwork.prl
2026-07-28 13:45:51,005 - aqt.updater - INFO - updater 128078697607488 Patching /home/schulemn/Qt/6.11.1/gcc_64/lib/libQt6Svg.prl
2026-07-28 13:45:51,005 - aqt.updater - INFO - updater 128078697607488 Patching /home/schulemn/Qt/6.11.1/gcc_64/lib/libQt6QmlTypeRegistrar.prl
2026-07-28 13:45:51,005 - aqt.updater - INFO - updater 128078697607488 Patching /home/schulemn/Qt/6.11.1/gcc_64/lib/libQt6LabsQmlModels.prl
2026-07-28 13:45:51,005 - aqt.updater - INFO - updater 128078697607488 Patching /home/schulemn/Qt/6.11.1/gcc_64/lib/libQt6Test.prl
2026-07-28 13:45:51,005 - aqt.updater - INFO - updater 128078697607488 Patching /home/schulemn/Qt/6.11.1/gcc_64/lib/libQt6Quick3DGlslParser.prl
2026-07-28 13:45:51,006 - aqt.updater - INFO - updater 128078697607488 Patching /home/schulemn/Qt/6.11.1/gcc_64/lib/libQt6Qml.prl
2026-07-28 13:45:51,006 - aqt.updater - INFO - updater 128078697607488 Patching /home/schulemn/Qt/6.11.1/gcc_64/lib/libQt6QmlLS.prl
2026-07-28 13:45:51,006 - aqt.updater - INFO - updater 128078697607488 Patching /home/schulemn/Qt/6.11.1/gcc_64/lib/libQt6LabsFolderListModel.prl
2026-07-28 13:45:51,006 - aqt.updater - INFO - updater 128078697607488 Patching /home/schulemn/Qt/6.11.1/gcc_64/lib/libQt6DBus.prl
2026-07-28 13:45:51,006 - aqt.updater - INFO - updater 128078697607488 Patching /home/schulemn/Qt/6.11.1/gcc_64/lib/libQt6QuickControls2MaterialStyleImpl.prl
2026-07-28 13:45:51,006 - aqt.updater - INFO - updater 128078697607488 Patching /home/schulemn/Qt/6.11.1/gcc_64/lib/libQt6QuickTemplates2.prl
2026-07-28 13:45:51,006 - aqt.updater - INFO - updater 128078697607488 Patching /home/schulemn/Qt/6.11.1/gcc_64/lib/libQt6Quick3DHelpersImpl.prl
2026-07-28 13:45:51,006 - aqt.updater - INFO - updater 128078697607488 Patching /home/schulemn/Qt/6.11.1/gcc_64/lib/libQt6QuickLayouts.prl
2026-07-28 13:45:51,007 - aqt.updater - INFO - updater 128078697607488 Patching /home/schulemn/Qt/6.11.1/gcc_64/lib/libQt6QmlToolingSettings.prl
2026-07-28 13:45:51,007 - aqt.updater - INFO - updater 128078697607488 Patching /home/schulemn/Qt/6.11.1/gcc_64/lib/libQt6Quick3DAssetUtils.prl
2026-07-28 13:45:51,007 - aqt.updater - INFO - updater 128078697607488 Patching /home/schulemn/Qt/6.11.1/gcc_64/lib/libQt6Quick3DRuntimeRender.prl
2026-07-28 13:45:51,007 - aqt.updater - INFO - updater 128078697607488 Patching /home/schulemn/Qt/6.11.1/gcc_64/lib/libQt6Designer.prl
2026-07-28 13:45:51,007 - aqt.updater - INFO - updater 128078697607488 Patching /home/schulemn/Qt/6.11.1/gcc_64/lib/libQt6QmlModels.prl
2026-07-28 13:45:51,008 - aqt.updater - INFO - updater 128078697607488 Patching /home/schulemn/Qt/6.11.1/gcc_64/lib/libQt6FbSupport.prl
2026-07-28 13:45:51,008 - aqt.updater - INFO - updater 128078697607488 Patching /home/schulemn/Qt/6.11.1/gcc_64/lib/libQt6Quick3D.prl
2026-07-28 13:45:51,008 - aqt.updater - INFO - updater 128078697607488 Patching /home/schulemn/Qt/6.11.1/gcc_64/lib/libQt6QuickVectorImageGenerator.prl
2026-07-28 13:45:51,008 - aqt.updater - INFO - updater 128078697607488 Patching /home/schulemn/Qt/6.11.1/gcc_64/lib/libQt6Gui.prl
2026-07-28 13:45:51,008 - aqt.updater - INFO - updater 128078697607488 Patching /home/schulemn/Qt/6.11.1/gcc_64/lib/libQt6Quick3DAssetImport.prl
2026-07-28 13:45:51,009 - aqt.updater - INFO - updater 128078697607488 Patching /home/schulemn/Qt/6.11.1/gcc_64/lib/libQt6QuickDialogs2QuickImpl.prl
2026-07-28 13:45:51,009 - aqt.updater - INFO - updater 128078697607488 Patching /home/schulemn/Qt/6.11.1/gcc_64/lib/libQt6Help.prl
2026-07-28 13:45:51,009 - aqt.updater - INFO - updater 128078697607488 Patching /home/schulemn/Qt/6.11.1/gcc_64/lib/libQt6Core.prl
2026-07-28 13:45:51,009 - aqt.updater - INFO - updater 128078697607488 Patching /home/schulemn/Qt/6.11.1/gcc_64/lib/libQt6XcbQpa.prl
2026-07-28 13:45:51,009 - aqt.updater - INFO - updater 128078697607488 Patching /home/schulemn/Qt/6.11.1/gcc_64/lib/libQt6Xml.prl
2026-07-28 13:45:51,010 - aqt.updater - INFO - updater 128078697607488 Patching /home/schulemn/Qt/6.11.1/gcc_64/lib/libQt6QuickDialogs2.prl
2026-07-28 13:45:51,010 - aqt.updater - INFO - updater 128078697607488 Patching /home/schulemn/Qt/6.11.1/gcc_64/lib/libQt6QmlLocalStorage.prl
2026-07-28 13:45:51,010 - aqt.updater - INFO - updater 128078697607488 Patching /home/schulemn/Qt/6.11.1/gcc_64/lib/libQt6KmsSupport.prl
2026-07-28 13:45:51,010 - aqt.updater - INFO - updater 128078697607488 Patching /home/schulemn/Qt/6.11.1/gcc_64/lib/libQt6QuickControls2Imagine.prl
2026-07-28 13:45:51,010 - aqt.updater - INFO - updater 128078697607488 Patching /home/schulemn/Qt/6.11.1/gcc_64/lib/libQt6WlShellIntegration.prl
2026-07-28 13:45:51,010 - aqt.updater - INFO - updater 128078697607488 Patching /home/schulemn/Qt/6.11.1/gcc_64/lib/libQt6PrintSupport.prl
2026-07-28 13:45:51,010 - aqt.updater - INFO - updater 128078697607488 Patching /home/schulemn/Qt/6.11.1/gcc_64/lib/libQt6QuickControlsTestUtils.prl
2026-07-28 13:45:51,010 - aqt.updater - INFO - updater 128078697607488 Patching /home/schulemn/Qt/6.11.1/gcc_64/lib/libQt6QmlAssetDownloader.prl
2026-07-28 13:45:51,011 - aqt.updater - INFO - updater 128078697607488 Patching /home/schulemn/Qt/6.11.1/gcc_64/lib/libQt6QmlXmlListModel.prl
2026-07-28 13:45:51,011 - aqt.updater - INFO - updater 128078697607488 Patching /home/schulemn/Qt/6.11.1/gcc_64/lib/libQt6Sql.prl
2026-07-28 13:45:51,011 - aqt.updater - INFO - updater 128078697607488 Patching /home/schulemn/Qt/6.11.1/gcc_64/lib/libQt6DesignerComponents.prl
2026-07-28 13:45:51,011 - aqt.updater - INFO - updater 128078697607488 Patching /home/schulemn/Qt/6.11.1/gcc_64/lib/libQt6QuickControls2ImagineStyleImpl.prl
2026-07-28 13:45:51,011 - aqt.updater - INFO - updater 128078697607488 Patching /home/schulemn/Qt/6.11.1/gcc_64/lib/libQt6QmlMeta.prl
2026-07-28 13:45:51,011 - aqt.updater - INFO - updater 128078697607488 Patching /home/schulemn/Qt/6.11.1/gcc_64/lib/libQt6QuickControls2Basic.prl
2026-07-28 13:45:51,012 - aqt.updater - INFO - updater 128078697607488 Patching /home/schulemn/Qt/6.11.1/gcc_64/lib/libQt6QuickVectorImageHelpers.prl
2026-07-28 13:45:51,012 - aqt.updater - INFO - updater 128078697607488 Patching /home/schulemn/Qt/6.11.1/gcc_64/lib/libQt6OpenGLWidgets.prl
2026-07-28 13:45:51,012 - aqt.updater - INFO - updater 128078697607488 Patching /home/schulemn/Qt/6.11.1/gcc_64/lib/libQt6QuickEffects.prl
2026-07-28 13:45:51,012 - aqt.updater - INFO - updater 128078697607488 Patching /home/schulemn/Qt/6.11.1/gcc_64/lib/libQt6QmlDom.prl
2026-07-28 13:45:51,012 - aqt.updater - INFO - updater 128078697607488 Patching /home/schulemn/Qt/6.11.1/gcc_64/lib/libQt6QuickControls2Impl.prl
2026-07-28 13:45:51,012 - aqt.updater - INFO - updater 128078697607488 Patching /home/schulemn/Qt/6.11.1/gcc_64/lib/libQt6ShaderTools.prl
2026-07-28 13:45:51,012 - aqt.updater - INFO - updater 128078697607488 Patching /home/schulemn/Qt/6.11.1/gcc_64/lib/libQt6DeviceDiscoverySupport.prl
2026-07-28 13:45:51,013 - aqt.updater - INFO - updater 128078697607488 Patching /home/schulemn/Qt/6.11.1/gcc_64/lib/libQt6QuickControls2FluentWinUI3StyleImpl.prl
2026-07-28 13:45:51,013 - aqt.updater - INFO - updater 128078697607488 Patching /home/schulemn/Qt/6.11.1/gcc_64/lib/libQt6LabsAnimation.prl
2026-07-28 13:45:51,013 - aqt.updater - INFO - updater 128078697607488 Patching /home/schulemn/Qt/6.11.1/gcc_64/lib/libQt6Quick3DUtils.prl
2026-07-28 13:45:51,013 - aqt.updater - INFO - updater 128078697607488 Patching /home/schulemn/Qt/6.11.1/gcc_64/lib/libQt6EglFsKmsGbmSupport.prl
2026-07-28 13:45:51,014 - aqt.updater - INFO - updater 128078697607488 Patching /home/schulemn/Qt/6.11.1/gcc_64/lib/libQt6QuickControls2FusionStyleImpl.prl
2026-07-28 13:45:51,014 - aqt.updater - INFO - updater 128078697607488 Patching /home/schulemn/Qt/6.11.1/gcc_64/lib/libQt6Quick3DParticleEffects.prl
2026-07-28 13:45:51,014 - aqt.updater - INFO - updater 128078697607488 Patching /home/schulemn/Qt/6.11.1/gcc_64/lib/libQt6QuickTest.prl
2026-07-28 13:45:51,014 - aqt.updater - INFO - updater 128078697607488 Patching /home/schulemn/Qt/6.11.1/gcc_64/lib/libQt6QuickControls2Material.prl
2026-07-28 13:45:51,014 - aqt.updater - INFO - updater 128078697607488 Patching /home/schulemn/Qt/6.11.1/gcc_64/lib/libQt6Quick3DHelpers.prl
2026-07-28 13:45:51,014 - aqt.updater - INFO - updater 128078697607488 Patching /home/schulemn/Qt/6.11.1/gcc_64/lib/libQt6SvgWidgets.prl
2026-07-28 13:45:51,014 - aqt.updater - INFO - updater 128078697607488 Patching /home/schulemn/Qt/6.11.1/gcc_64/lib/libQt6InputSupport.prl
2026-07-28 13:45:51,014 - aqt.updater - INFO - updater 128078697607488 Patching /home/schulemn/Qt/6.11.1/gcc_64/lib/libQt6Quick3DEffects.prl
2026-07-28 13:45:51,015 - aqt.updater - INFO - updater 128078697607488 Patching /home/schulemn/Qt/6.11.1/gcc_64/lib/libQt6Quick3DXr.prl
2026-07-28 13:45:51,015 - aqt.updater - INFO - updater 128078697607488 Patching /home/schulemn/Qt/6.11.1/gcc_64/lib/libQt6Quick3DIblBaker.prl
2026-07-28 13:45:51,015 - aqt.updater - INFO - updater 128078697607488 Patching /home/schulemn/Qt/6.11.1/gcc_64/lib/libQt6Network.prl
2026-07-28 13:45:51,015 - aqt.updater - INFO - updater 128078697607488 Patching /home/schulemn/Qt/6.11.1/gcc_64/lib/libQt6QuickVectorImage.prl
2026-07-28 13:45:51,015 - aqt.updater - INFO - updater 128078697607488 Patching /home/schulemn/Qt/6.11.1/gcc_64/lib/libQt6LabsSettings.prl
2026-07-28 13:45:51,015 - aqt.updater - INFO - updater 128078697607488 Patching /home/schulemn/Qt/6.11.1/gcc_64/lib/libQt6QuickControls2Fusion.prl
2026-07-28 13:45:51,015 - aqt.updater - INFO - updater 128078697607488 Patching /home/schulemn/Qt/6.11.1/gcc_64/lib/libQt6Quick.prl
2026-07-28 13:45:51,015 - aqt.updater - INFO - updater 128078697607488 Patching /home/schulemn/Qt/6.11.1/gcc_64/lib/libQt6EglFSDeviceIntegration.prl
2026-07-28 13:45:51,016 - aqt.updater - INFO - updater 128078697607488 Patching /home/schulemn/Qt/6.11.1/gcc_64/lib/libQt6LabsPlatform.prl
2026-07-28 13:45:51,016 - aqt.updater - INFO - updater 128078697607488 Patching /home/schulemn/Qt/6.11.1/gcc_64/lib/libQt6QuickDialogs2Utils.prl
2026-07-28 13:45:51,016 - aqt.updater - INFO - updater 128078697607488 Patching /home/schulemn/Qt/6.11.1/gcc_64/lib/libQt6LabsSharedImage.prl
2026-07-28 13:45:51,016 - aqt.main - INFO - installer 128078697607488 Finished installation
2026-07-28 13:45:51,016 - aqt.main - INFO - installer 128078697607488 Time elapsed: 57.21041287 second
